Archive member included to satisfy reference by file (symbol)

c:/nxp/mcuxpressoide_10.1.1_606/ide/tools/bin/../lib/gcc/arm-none-eabi/6.3.1/../../../../arm-none-eabi/lib/thumb/v6-m\libcr_nohost_nf.a(_cr__main.o)
                              ./startup/startup_mkl25z4.o (__main)
c:/nxp/mcuxpressoide_10.1.1_606/ide/tools/bin/../lib/gcc/arm-none-eabi/6.3.1/../../../../arm-none-eabi/lib/thumb/v6-m\libcr_c.a(memcpy.o)
                              ./source/ADC_PWM.o (memcpy)
c:/nxp/mcuxpressoide_10.1.1_606/ide/tools/bin/../lib/gcc/arm-none-eabi/6.3.1/../../../../arm-none-eabi/lib/thumb/v6-m\libcr_c.a(memset.o)
                              ./drivers/fsl_flash.o (memset)
c:/nxp/mcuxpressoide_10.1.1_606/ide/tools/bin/../lib/gcc/arm-none-eabi/6.3.1/../../../../arm-none-eabi/lib/thumb/v6-m\libcr_c.a(initio.o)
                              c:/nxp/mcuxpressoide_10.1.1_606/ide/tools/bin/../lib/gcc/arm-none-eabi/6.3.1/../../../../arm-none-eabi/lib/thumb/v6-m\libcr_nohost_nf.a(_cr__main.o) (_initio)
c:/nxp/mcuxpressoide_10.1.1_606/ide/tools/bin/../lib/gcc/arm-none-eabi/6.3.1/../../../../arm-none-eabi/lib/thumb/v6-m\libcr_c.a(setvbuf.o)
                              c:/nxp/mcuxpressoide_10.1.1_606/ide/tools/bin/../lib/gcc/arm-none-eabi/6.3.1/../../../../arm-none-eabi/lib/thumb/v6-m\libcr_c.a(initio.o) (setvbuf)
c:/nxp/mcuxpressoide_10.1.1_606/ide/tools/bin/../lib/gcc/arm-none-eabi/6.3.1/../../../../arm-none-eabi/lib/thumb/v6-m\libcr_c.a(strlen.o)
                              ./utilities/fsl_debug_console.o (strlen)
c:/nxp/mcuxpressoide_10.1.1_606/ide/tools/bin/../lib/gcc/arm-none-eabi/6.3.1/../../../../arm-none-eabi/lib/thumb/v6-m\libcr_c.a(_fdopen.o)
                              c:/nxp/mcuxpressoide_10.1.1_606/ide/tools/bin/../lib/gcc/arm-none-eabi/6.3.1/../../../../arm-none-eabi/lib/thumb/v6-m\libcr_c.a(initio.o) (_fdopen)
c:/nxp/mcuxpressoide_10.1.1_606/ide/tools/bin/../lib/gcc/arm-none-eabi/6.3.1/../../../../arm-none-eabi/lib/thumb/v6-m\libcr_c.a(fclose.o)
                              c:/nxp/mcuxpressoide_10.1.1_606/ide/tools/bin/../lib/gcc/arm-none-eabi/6.3.1/../../../../arm-none-eabi/lib/thumb/v6-m\libcr_c.a(initio.o) (fclose)
c:/nxp/mcuxpressoide_10.1.1_606/ide/tools/bin/../lib/gcc/arm-none-eabi/6.3.1/../../../../arm-none-eabi/lib/thumb/v6-m\libcr_c.a(fflush.o)
                              c:/nxp/mcuxpressoide_10.1.1_606/ide/tools/bin/../lib/gcc/arm-none-eabi/6.3.1/../../../../arm-none-eabi/lib/thumb/v6-m\libcr_c.a(fclose.o) (fflush)
c:/nxp/mcuxpressoide_10.1.1_606/ide/tools/bin/../lib/gcc/arm-none-eabi/6.3.1/../../../../arm-none-eabi/lib/thumb/v6-m\libcr_c.a(fseek.o)
                              c:/nxp/mcuxpressoide_10.1.1_606/ide/tools/bin/../lib/gcc/arm-none-eabi/6.3.1/../../../../arm-none-eabi/lib/thumb/v6-m\libcr_c.a(_fdopen.o) (fseek)
c:/nxp/mcuxpressoide_10.1.1_606/ide/tools/bin/../lib/gcc/arm-none-eabi/6.3.1/../../../../arm-none-eabi/lib/thumb/v6-m\libcr_c.a(ftell.o)
                              c:/nxp/mcuxpressoide_10.1.1_606/ide/tools/bin/../lib/gcc/arm-none-eabi/6.3.1/../../../../arm-none-eabi/lib/thumb/v6-m\libcr_c.a(fseek.o) (ftell)
c:/nxp/mcuxpressoide_10.1.1_606/ide/tools/bin/../lib/gcc/arm-none-eabi/6.3.1/../../../../arm-none-eabi/lib/thumb/v6-m\libcr_c.a(remove.o)
                              c:/nxp/mcuxpressoide_10.1.1_606/ide/tools/bin/../lib/gcc/arm-none-eabi/6.3.1/../../../../arm-none-eabi/lib/thumb/v6-m\libcr_c.a(fclose.o) (remove)
c:/nxp/mcuxpressoide_10.1.1_606/ide/tools/bin/../lib/gcc/arm-none-eabi/6.3.1/../../../../arm-none-eabi/lib/thumb/v6-m\libcr_c.a(_do_fflush.o)
                              c:/nxp/mcuxpressoide_10.1.1_606/ide/tools/bin/../lib/gcc/arm-none-eabi/6.3.1/../../../../arm-none-eabi/lib/thumb/v6-m\libcr_c.a(fflush.o) (_do_fflush)
c:/nxp/mcuxpressoide_10.1.1_606/ide/tools/bin/../lib/gcc/arm-none-eabi/6.3.1/../../../../arm-none-eabi/lib/thumb/v6-m\libcr_c.a(_fflush.o)
                              c:/nxp/mcuxpressoide_10.1.1_606/ide/tools/bin/../lib/gcc/arm-none-eabi/6.3.1/../../../../arm-none-eabi/lib/thumb/v6-m\libcr_c.a(_do_fflush.o) (_fflush)
c:/nxp/mcuxpressoide_10.1.1_606/ide/tools/bin/../lib/gcc/arm-none-eabi/6.3.1/../../../../arm-none-eabi/lib/thumb/v6-m\libcr_c.a(_writebuf.o)
                              c:/nxp/mcuxpressoide_10.1.1_606/ide/tools/bin/../lib/gcc/arm-none-eabi/6.3.1/../../../../arm-none-eabi/lib/thumb/v6-m\libcr_c.a(_fflush.o) (_Cwritebuf)
c:/nxp/mcuxpressoide_10.1.1_606/ide/tools/bin/../lib/gcc/arm-none-eabi/6.3.1/../../../../arm-none-eabi/lib/thumb/v6-m\libcr_c.a(alloc.o)
                              c:/nxp/mcuxpressoide_10.1.1_606/ide/tools/bin/../lib/gcc/arm-none-eabi/6.3.1/../../../../arm-none-eabi/lib/thumb/v6-m\libcr_c.a(fclose.o) (free)
c:/nxp/mcuxpressoide_10.1.1_606/ide/tools/bin/../lib/gcc/arm-none-eabi/6.3.1/../../../../arm-none-eabi/lib/thumb/v6-m\libcr_c.a(errno.o)
[...]
Memory Configuration

Name             Origin             Length             Attributes
PROGRAM_FLASH    0x00000000         0x00020000         xr
SRAM             0x1ffff000         0x00004000         xrw
*default*        0x00000000         0xffffffff

Linker script and memory map

LOAD ./utilities/fsl_debug_console.o
LOAD ./startup/startup_mkl25z4.o
LOAD ./source/ADC_PWM.o
LOAD ./source/adc.o
LOAD ./source/mapper.o
LOAD ./source/mtb.o
LOAD ./source/pwm.o
LOAD ./source/range_pair.o
LOAD ./source/sweep.o
LOAD ./source/tick.o
LOAD ./drivers/fsl_clock.o
LOAD ./drivers/fsl_common.o
LOAD ./drivers/fsl_flash.o
LOAD ./drivers/fsl_gpio.o
LOAD ./drivers/fsl_lpsci.o
LOAD ./drivers/fsl_smc.o
LOAD ./drivers/fsl_uart.o
LOAD ./board/board.o
LOAD ./board/clock_config.o
LOAD ./board/peripherals.o
LOAD ./board/pin_mux.o
LOAD ./CMSIS/system_MKL25Z4.o
START GROUP
LOAD c:/nxp/mcuxpressoide_10.1.1_606/ide/tools/bin/../lib/gcc/arm-none-eabi/6.3.1/../../../../arm-none-eabi/lib/thumb/v6-m\libcr_nohost_nf.a
LOAD c:/nxp/mcuxpressoide_10.1.1_606/ide/tools/bin/../lib/gcc/arm-none-eabi/6.3.1/../../../../arm-none-eabi/lib/thumb/v6-m\libcr_c.a
LOAD c:/nxp/mcuxpressoide_10.1.1_606/ide/tools/bin/../lib/gcc/arm-none-eabi/6.3.1/thumb/v6-m\libcr_eabihelpers.a
END GROUP
                0x00000000                __base_PROGRAM_FLASH = 0x0
                0x00000000                __base_Flash = 0x0
                0x00020000                __top_PROGRAM_FLASH = 0x20000
                0x00020000                __top_Flash = 0x20000
                0x1ffff000                __base_SRAM = 0x1ffff000
                0x1ffff000                __base_RAM = 0x1ffff000
                0x20003000                __top_SRAM = 0x20003000
                0x20003000                __top_RAM = 0x20003000

.text           0x00000000     0x2af8
 FILL mask 0xff
                0x00000000                __vectors_start__ = ABSOLUTE (.)
 *(.isr_vector)
 .isr_vector    0x00000000       0xc0 ./startup/startup_mkl25z4.o
                0x00000000                g_pfnVectors
                0x00000000                __Vectors
                0x000000c0                . = ALIGN (0x4)
                0x000000c0                __section_table_start = .
                0x000000c0                __data_section_table = .
                0x000000c0        0x4 LONG 0x2af8 LOADADDR (.data)
                0x000000c4        0x4 LONG 0x1ffff080 ADDR (.data)
                0x000000c8        0x4 LONG 0x58 SIZEOF (.data)
                0x000000cc                __data_section_table_end = .
                0x000000cc                __bss_section_table = .
                0x000000cc        0x4 LONG 0x1ffff0d8 ADDR (.bss)
                0x000000d0        0x4 LONG 0x184 SIZEOF (.bss)
                0x000000d4                __bss_section_table_end = .
                0x000000d4                __section_table_end = .
 *(.after_vectors*)
 .after_vectors.init_data
                0x000000d4       0x16 ./startup/startup_mkl25z4.o
                0x000000d4                data_init
 .after_vectors.init_bss
                0x000000ea       0x12 ./startup/startup_mkl25z4.o
                0x000000ea                bss_init
 .after_vectors.reset
                0x000000fc       0x4c ./startup/startup_mkl25z4.o
                0x000000fc                ResetISR
 .after_vectors
                0x00000148      0x10c ./startup/startup_mkl25z4.o
                0x00000148                NMI_Handler
                0x0000014a                HardFault_Handler
                0x0000014c                SVC_Handler
                0x0000014e                PendSV_Handler
                0x00000152                SPI1_DriverIRQHandler
                0x00000152                LPTMR0_DriverIRQHandler
                0x00000152                Reserved39_DriverIRQHandler
                0x00000152                DMA0_DriverIRQHandler
                0x00000152                I2C0_DriverIRQHandler
                0x00000152                PORTD_DriverIRQHandler
                0x00000152                DMA2_DriverIRQHandler
                0x00000152                CMP0_DriverIRQHandler
                0x00000152                TPM2_DriverIRQHandler
                0x00000152                ADC0_DriverIRQHandler
                0x00000152                SPI0_DriverIRQHandler
                0x00000152                TSI0_DriverIRQHandler
                0x00000152                RTC_Seconds_DriverIRQHandler
                0x00000152                I2C1_DriverIRQHandler
                0x00000152                DMA1_DriverIRQHandler
                0x00000152                LLWU_DriverIRQHandler
                0x00000152                MCG_DriverIRQHandler
                0x00000152                PIT_DriverIRQHandler
                0x00000152                RTC_DriverIRQHandler
                0x00000152                TPM1_DriverIRQHandler
                0x00000152                FTFA_DriverIRQHandler
                0x00000152                IntDefaultHandler
                0x00000152                USB0_DriverIRQHandler
                0x00000152                DAC0_DriverIRQHandler
                0x00000152                PORTA_DriverIRQHandler
                0x00000152                LVD_LVW_DriverIRQHandler
                0x00000152                TPM0_DriverIRQHandler
                0x00000152                Reserved45_DriverIRQHandler
                0x00000152                DMA3_DriverIRQHandler
                0x00000152                Reserved20_DriverIRQHandler
                0x00000154                DMA0_IRQHandler
                0x0000015c                DMA1_IRQHandler
                0x00000164                DMA2_IRQHandler
                0x0000016c                DMA3_IRQHandler
                0x00000174                Reserved20_IRQHandler
                0x0000017c                FTFA_IRQHandler
                0x00000184                LVD_LVW_IRQHandler
                0x0000018c                LLWU_IRQHandler
                0x00000194                I2C0_IRQHandler
                0x0000019c                I2C1_IRQHandler
                0x000001a4                SPI0_IRQHandler
                0x000001ac                SPI1_IRQHandler
                0x000001b4                UART0_IRQHandler
                0x000001bc                UART1_IRQHandler
                0x000001c4                UART2_IRQHandler
                0x000001cc                ADC0_IRQHandler
                0x000001d4                CMP0_IRQHandler
                0x000001dc                TPM0_IRQHandler
                0x000001e4                TPM1_IRQHandler
                0x000001ec                TPM2_IRQHandler
                0x000001f4                RTC_IRQHandler
                0x000001fc                RTC_Seconds_IRQHandler
                0x00000204                PIT_IRQHandler
                0x0000020c                Reserved39_IRQHandler
                0x00000214                USB0_IRQHandler
                0x0000021c                DAC0_IRQHandler
                0x00000224                TSI0_IRQHandler
                0x0000022c                MCG_IRQHandler
                0x00000234                LPTMR0_IRQHandler
                0x0000023c                Reserved45_IRQHandler
                0x00000244                PORTA_IRQHandler
                0x0000024c                PORTD_IRQHandler
                0x00000400                . = 0x400
 *fill*         0x00000254      0x1ac ff
                0x00000400                PROVIDE (__FLASH_CONFIG_START__, .)
 *(.FlashConfig)
 .FlashConfig   0x00000400       0x10 ./startup/startup_mkl25z4.o
                0x00000400                Flash_Config
                0x00000410                PROVIDE (__FLASH_CONFIG_END__, .)
                0x00000001                ASSERT (! ((__FLASH_CONFIG_START__ == __FLASH_CONFIG_END__)), Linker Flash Config Support Enabled, but no .FlashConfig section provided within application)
 *(.text*)
 .text.DbgConsole_Printf
                0x00000410       0x44 ./utilities/fsl_debug_console.o
                0x00000410                DbgConsole_Printf
 .text.DbgConsole_Putchar
                0x00000454       0x34 ./utilities/fsl_debug_console.o
                0x00000454                DbgConsole_Putchar
 .text.DbgConsole_PrintfPaddingCharacter
                0x00000488       0x46 ./utilities/fsl_debug_console.o
 .text.DbgConsole_ConvertRadixNumToString
                0x000004ce      0x114 ./utilities/fsl_debug_console.o
 .text.DbgConsole_PrintfFormattedData
                0x000005e2      0x332 ./utilities/fsl_debug_console.o
 .text.main     0x00000914      0x130 ./source/ADC_PWM.o
                0x00000914                main
 .text.tick_handler
                0x00000a44        0xa ./source/ADC_PWM.o
                0x00000a44                tick_handler
 *fill*         0x00000a4e        0x2 ff
 .text.buzzer_init
                0x00000a50       0x38 ./source/ADC_PWM.o
                0x00000a50                buzzer_init
 .text.motor_init
                0x00000a88       0x38 ./source/ADC_PWM.o
                0x00000a88                motor_init
 .text.servo_init
                0x00000ac0       0x34 ./source/ADC_PWM.o
                0x00000ac0                servo_init
 .text.light_init
                0x00000af4       0x18 ./source/ADC_PWM.o
                0x00000af4                light_init
 .text.dial_init
                0x00000b0c       0x18 ./source/ADC_PWM.o
                0x00000b0c                dial_init
 .text.tick_init
                0x00000b24       0x1c ./source/ADC_PWM.o
                0x00000b24                tick_init
 .text.sweep_init
                0x00000b40       0x48 ./source/ADC_PWM.o
                0x00000b40                sweep_init
 .text.adc_init
                0x00000b88       0x44 ./source/adc.o
                0x00000b88                adc_init
 .text.setModeSingleEnded
                0x00000bcc       0x1c ./source/adc.o
                0x00000bcc                setModeSingleEnded
 .text.enableClockToADC
                0x00000be8       0x24 ./source/adc.o
                0x00000be8                enableClockToADC
 .text.setChannelPinToAnalog
                0x00000c0c       0x34 ./source/adc.o
                0x00000c0c                setChannelPinToAnalog
 .text.setCFG1options
                0x00000c40       0x14 ./source/adc.o
                0x00000c40                setCFG1options
 .text.mapper_init
                0x00000c54       0x80 ./source/mapper.o
                0x00000c54                mapper_init
 .text.mapper_map
                0x00000cd4       0x80 ./source/mapper.o
                0x00000cd4                mapper_map
 .text.clipMappingAtOutputMin
                0x00000d54       0x3c ./source/mapper.o
                0x00000d54                clipMappingAtOutputMin
 .text.clipMappingAtOutputMax
                0x00000d90       0x3c ./source/mapper.o
                0x00000d90                clipMappingAtOutputMax
 .text.pwm_init
                0x00000dcc       0x46 ./source/pwm.o
                0x00000dcc                pwm_init
 .text.pwm_setPrescaler
                0x00000e12       0x4c ./source/pwm.o
                0x00000e12                pwm_setPrescaler
 .text.pwm_setFrequency
                0x00000e5e       0x46 ./source/pwm.o
                0x00000e5e                pwm_setFrequency
 .text.pwm_setDuty
                0x00000ea4       0x42 ./source/pwm.o
                0x00000ea4                pwm_setDuty
 .text.pwm_disableTimer
                0x00000ee6       0x18 ./source/pwm.o
                0x00000ee6                pwm_disableTimer
 .text.pwm_enableTimer
                0x00000efe       0x20 ./source/pwm.o
                0x00000efe                pwm_enableTimer
 *fill*         0x00000f1e        0x2 ff
 .text.enableTimerClock
                0x00000f20       0x48 ./source/pwm.o
                0x00000f20                enableTimerClock
 .text.setTimerClock
                0x00000f68       0x34 ./source/pwm.o
                0x00000f68                setTimerClock
 .text.setPinMuxForTimer
                0x00000f9c       0x64 ./source/pwm.o
                0x00000f9c                setPinMuxForTimer
 .text.setPwmOptions
                0x00001000       0x18 ./source/pwm.o
                0x00001000                setPwmOptions
 .text.rangePair_getRange
                0x00001018       0x32 ./source/range_pair.o
                0x00001018                rangePair_getRange
 .text.sweep_setPeriod
                0x0000104a       0x42 ./source/sweep.o
                0x0000104a                sweep_setPeriod
 .text.sweep_setUpdateMillis
                0x0000108c       0x18 ./source/sweep.o
                0x0000108c                sweep_setUpdateMillis
 .text.sweep_setPosition
                0x000010a4       0x74 ./source/sweep.o
                0x000010a4                sweep_setPosition
 .text.updateIncrement
                0x00001118       0x58 ./source/sweep.o
                0x00001118                updateIncrement
 .text.sweep_update
                0x00001170       0x48 ./source/sweep.o
                0x00001170                sweep_update
 .text.tick_setHandler
                0x000011b8       0x1c ./source/tick.o
                0x000011b8                tick_setHandler
 .text.tick_run
                0x000011d4       0x4c ./source/tick.o
                0x000011d4                tick_run
 .text.SysTick_Handler
                0x00001220       0x24 ./source/tick.o
                0x00001220                SysTick_Handler
 .text.tick_getUpdateMillis
                0x00001244       0x14 ./source/tick.o
                0x00001244                tick_getUpdateMillis
 .text.tick_getCurrentMillis
                0x00001258       0x14 ./source/tick.o
                0x00001258                tick_getCurrentMillis
 .text.CLOCK_SetEr32kClock
                0x0000126c       0x30 ./drivers/fsl_clock.o
 .text.CLOCK_SetPllFllSelClock
                0x0000129c       0x38 ./drivers/fsl_clock.o
 .text.OSC_SetExtRefClkConfig
                0x000012d4       0x48 ./drivers/fsl_clock.o
 .text.OSC_SetCapLoad
                0x0000131c       0x4c ./drivers/fsl_clock.o
 .text.CLOCK_GetOscRangeFromFreq
                0x00001368       0x4c ./drivers/fsl_clock.o
 .text.CLOCK_SetSimConfig
                0x000013b4       0x38 ./drivers/fsl_clock.o
                0x000013b4                CLOCK_SetSimConfig
 .text.CLOCK_SetExternalRefClkConfig
                0x000013ec       0x16 ./drivers/fsl_clock.o
                0x000013ec                CLOCK_SetExternalRefClkConfig
 *fill*         0x00001402        0x2 ff
 .text.CLOCK_SetInternalRefClkConfig
                0x00001404      0x128 ./drivers/fsl_clock.o
                0x00001404                CLOCK_SetInternalRefClkConfig
 .text.CLOCK_EnablePll0
                0x0000152c       0x98 ./drivers/fsl_clock.o
                0x0000152c                CLOCK_EnablePll0
 .text.CLOCK_InitOsc0
                0x000015c4       0x98 ./drivers/fsl_clock.o
                0x000015c4                CLOCK_InitOsc0
 .text.CLOCK_SetPbeMode
                0x0000165c       0xb0 ./drivers/fsl_clock.o
                0x0000165c                CLOCK_SetPbeMode
 .text.CLOCK_BootToPeeMode
                0x0000170c       0x70 ./drivers/fsl_clock.o
                0x0000170c                CLOCK_BootToPeeMode
 .text.__assertion_failed
                0x0000177c       0x1c ./drivers/fsl_common.o
                0x0000177c                __assertion_failed
 .text.UART0_DriverIRQHandler
                0x00001798       0x24 ./drivers/fsl_lpsci.o
                0x00001798                UART0_DriverIRQHandler
 .text.UART1_DriverIRQHandler
                0x000017bc       0x24 ./drivers/fsl_uart.o
                0x000017bc                UART1_DriverIRQHandler
 .text.UART2_DriverIRQHandler
                0x000017e0       0x24 ./drivers/fsl_uart.o
                0x000017e0                UART2_DriverIRQHandler
 .text.CLOCK_SetSimSafeDivs
                0x00001804       0x20 ./board/clock_config.o
 .text.CLOCK_SetXtal0Freq
                0x00001824       0x1c ./board/clock_config.o
 .text.BOARD_InitBootClocks
                0x00001840        0xe ./board/clock_config.o
                0x00001840                BOARD_InitBootClocks
 *fill*         0x0000184e        0x2 ff
 .text.CLOCK_CONFIG_SetFllExtRefDiv
                0x00001850       0x3c ./board/clock_config.o
 .text.BOARD_BootClockRUN
                0x0000188c       0x64 ./board/clock_config.o
                0x0000188c                BOARD_BootClockRUN
 .text.BOARD_InitBootPeripherals
                0x000018f0       0x16 ./board/peripherals.o
                0x000018f0                BOARD_InitBootPeripherals
 *fill*         0x00001906        0x2 ff
 .text.enablePortA
                0x00001908       0x24 ./board/peripherals.o
                0x00001908                enablePortA
 .text.enablePortC
                0x0000192c       0x24 ./board/peripherals.o
                0x0000192c                enablePortC
 .text.enablePortE
                0x00001950       0x24 ./board/peripherals.o
                0x00001950                enablePortE
 .text.SystemInit
                0x00001974       0x18 ./CMSIS/system_MKL25Z4.o
                0x00001974                SystemInit
 .text.__main   0x0000198c        0xc c:/nxp/mcuxpressoide_10.1.1_606/ide/tools/bin/../lib/gcc/arm-none-eabi/6.3.1/../../../../arm-none-eabi/lib/thumb/v6-m\libcr_nohost_nf.a(_cr__main.o)
                0x0000198c                __main
 .text.memcpy   0x00001998        0x8 c:/nxp/mcuxpressoide_10.1.1_606/ide/tools/bin/../lib/gcc/arm-none-eabi/6.3.1/../../../../arm-none-eabi/lib/thumb/v6-m\libcr_c.a(memcpy.o)
                0x00001998                memcpy
 .text.memset   0x000019a0        0x8 c:/nxp/mcuxpressoide_10.1.1_606/ide/tools/bin/../lib/gcc/arm-none-eabi/6.3.1/../../../../arm-none-eabi/lib/thumb/v6-m\libcr_c.a(memset.o)
                0x000019a0                memset
 .text._initio  0x000019a8       0x7c c:/nxp/mcuxpressoide_10.1.1_606/ide/tools/bin/../lib/gcc/arm-none-eabi/6.3.1/../../../../arm-none-eabi/lib/thumb/v6-m\libcr_c.a(initio.o)
                0x000019a8                _initio
 .text.setvbuf  0x00001a24       0x48 c:/nxp/mcuxpressoide_10.1.1_606/ide/tools/bin/../lib/gcc/arm-none-eabi/6.3.1/../../../../arm-none-eabi/lib/thumb/v6-m\libcr_c.a(setvbuf.o)
                0x00001a24                setvbuf
 .text.strlen   0x00001a6c       0x58 c:/nxp/mcuxpressoide_10.1.1_606/ide/tools/bin/../lib/gcc/arm-none-eabi/6.3.1/../../../../arm-none-eabi/lib/thumb/v6-m\libcr_c.a(strlen.o)
                0x00001a6c                strlen
 .text._fdopen  0x00001ac4       0x74 c:/nxp/mcuxpressoide_10.1.1_606/ide/tools/bin/../lib/gcc/arm-none-eabi/6.3.1/../../../../arm-none-eabi/lib/thumb/v6-m\libcr_c.a(_fdopen.o)
                0x00001ac4                _fdopen
 .text.fclose   0x00001b38       0x5c c:/nxp/mcuxpressoide_10.1.1_606/ide/tools/bin/../lib/gcc/arm-none-eabi/6.3.1/../../../../arm-none-eabi/lib/thumb/v6-m\libcr_c.a(fclose.o)
                0x00001b38                fclose
 .text.fflush   0x00001b94       0x44 c:/nxp/mcuxpressoide_10.1.1_606/ide/tools/bin/../lib/gcc/arm-none-eabi/6.3.1/../../../../arm-none-eabi/lib/thumb/v6-m\libcr_c.a(fflush.o)
                0x00001b94                fflush
 .text.fseek    0x00001bd8       0xf0 c:/nxp/mcuxpressoide_10.1.1_606/ide/tools/bin/../lib/gcc/arm-none-eabi/6.3.1/../../../../arm-none-eabi/lib/thumb/v6-m\libcr_c.a(fseek.o)
                0x00001bd8                fseek
 .text.ftell    0x00001cc8       0x48 c:/nxp/mcuxpressoide_10.1.1_606/ide/tools/bin/../lib/gcc/arm-none-eabi/6.3.1/../../../../arm-none-eabi/lib/thumb/v6-m\libcr_c.a(ftell.o)
                0x00001cc8                ftell
 .text.remove   0x00001d10       0x12 c:/nxp/mcuxpressoide_10.1.1_606/ide/tools/bin/../lib/gcc/arm-none-eabi/6.3.1/../../../../arm-none-eabi/lib/thumb/v6-m\libcr_c.a(remove.o)
                0x00001d10                remove
 *fill*         0x00001d22        0x2 ff
 .text._do_fflush
                0x00001d24       0x44 c:/nxp/mcuxpressoide_10.1.1_606/ide/tools/bin/../lib/gcc/arm-none-eabi/6.3.1/../../../../arm-none-eabi/lib/thumb/v6-m\libcr_c.a(_do_fflush.o)
                0x00001d24                _do_fflush
 .text._fflush  0x00001d68       0x5c c:/nxp/mcuxpressoide_10.1.1_606/ide/tools/bin/../lib/gcc/arm-none-eabi/6.3.1/../../../../arm-none-eabi/lib/thumb/v6-m\libcr_c.a(_fflush.o)
                0x00001d68                _fflush
 .text._Cwritebuf
                0x00001dc4       0x68 c:/nxp/mcuxpressoide_10.1.1_606/ide/tools/bin/../lib/gcc/arm-none-eabi/6.3.1/../../../../arm-none-eabi/lib/thumb/v6-m\libcr_c.a(_writebuf.o)
                0x00001dc4                _Cwritebuf
 .text.free     0x00001e2c       0x2c c:/nxp/mcuxpressoide_10.1.1_606/ide/tools/bin/../lib/gcc/arm-none-eabi/6.3.1/../../../../arm-none-eabi/lib/thumb/v6-m\libcr_c.a(alloc.o)
                0x00001e2c                free
 .text._deferredlazyseek
                0x00001e58       0x40 c:/nxp/mcuxpressoide_10.1.1_606/ide/tools/bin/../lib/gcc/arm-none-eabi/6.3.1/../../../../arm-none-eabi/lib/thumb/v6-m\libcr_c.a(_deferredlazyseek.o)
                0x00001e58                _deferredlazyseek
 .text.__aeabi_division_idivmod
                0x00001e98       0x78 c:/nxp/mcuxpressoide_10.1.1_606/ide/tools/bin/../lib/gcc/arm-none-eabi/6.3.1/thumb/v6-m\libcr_eabihelpers.a(division_32.o)
                0x00001e98                __aeabi_idivmod
                0x00001e98                __aeabi_idiv
                0x00001e9e                __aeabi_uidivmod
                0x00001e9e                __aeabi_uidiv
 .text.__aeabi_division_idiv0
                0x00001f10        0x2 c:/nxp/mcuxpressoide_10.1.1_606/ide/tools/bin/../lib/gcc/arm-none-eabi/6.3.1/thumb/v6-m\libcr_eabihelpers.a(division_idiv0.o)
                0x00001f10                __aeabi_idiv0
 *fill*         0x00001f12        0x2 ff
 .text.__aeabi_dmul
                0x00001f14      0x180 c:/nxp/mcuxpressoide_10.1.1_606/ide/tools/bin/../lib/gcc/arm-none-eabi/6.3.1/thumb/v6-m\libcr_eabihelpers.a(double.o)
                0x00001f14                __aeabi_dmul
 .text.__aeabi_ddiv
                0x00002094      0x14c c:/nxp/mcuxpressoide_10.1.1_606/ide/tools/bin/../lib/gcc/arm-none-eabi/6.3.1/thumb/v6-m\libcr_eabihelpers.a(double.o)
                0x00002094                __aeabi_ddiv
 .text.__aeabi_dsub
                0x000021e0      0x1e8 c:/nxp/mcuxpressoide_10.1.1_606/ide/tools/bin/../lib/gcc/arm-none-eabi/6.3.1/thumb/v6-m\libcr_eabihelpers.a(double.o)
                0x000021e0                __aeabi_dsub
 .text.__aeabi_dadd
                0x000023c8      0x130 c:/nxp/mcuxpressoide_10.1.1_606/ide/tools/bin/../lib/gcc/arm-none-eabi/6.3.1/thumb/v6-m\libcr_eabihelpers.a(double.o)
                0x000023c8                __aeabi_dadd
 .text.__aeabi_d2f
                0x000024f8       0x60 c:/nxp/mcuxpressoide_10.1.1_606/ide/tools/bin/../lib/gcc/arm-none-eabi/6.3.1/thumb/v6-m\libcr_eabihelpers.a(double.o)
                0x000024f8                __aeabi_d2f
 .text.__aeabi_d2iz
                0x00002558       0x44 c:/nxp/mcuxpressoide_10.1.1_606/ide/tools/bin/../lib/gcc/arm-none-eabi/6.3.1/thumb/v6-m\libcr_eabihelpers.a(double.o)
                0x00002558                __aeabi_d2iz
 .text.__bhs_ui2d
                0x0000259c       0x5e c:/nxp/mcuxpressoide_10.1.1_606/ide/tools/bin/../lib/gcc/arm-none-eabi/6.3.1/thumb/v6-m\libcr_eabihelpers.a(double.o)
                0x0000259c                __bhs_ui2d
 .text.__aeabi_i2d
                0x000025fa       0x18 c:/nxp/mcuxpressoide_10.1.1_606/ide/tools/bin/../lib/gcc/arm-none-eabi/6.3.1/thumb/v6-m\libcr_eabihelpers.a(double.o)
                0x000025fa                __aeabi_i2d
 .text.__aeabi_ui2d
                0x00002612        0xc c:/nxp/mcuxpressoide_10.1.1_606/ide/tools/bin/../lib/gcc/arm-none-eabi/6.3.1/thumb/v6-m\libcr_eabihelpers.a(double.o)
                0x00002612                __aeabi_ui2d
 *fill*         0x0000261e        0x2 ff
 .text.__aeabi_dcmpeq
                0x00002620       0x30 c:/nxp/mcuxpressoide_10.1.1_606/ide/tools/bin/../lib/gcc/arm-none-eabi/6.3.1/thumb/v6-m\libcr_eabihelpers.a(double.o)
                0x00002620                __aeabi_dcmpeq
 .text.__aeabi_dcmplt
                0x00002650       0x5c c:/nxp/mcuxpressoide_10.1.1_606/ide/tools/bin/../lib/gcc/arm-none-eabi/6.3.1/thumb/v6-m\libcr_eabihelpers.a(double.o)
                0x00002650                __aeabi_dcmplt
 .text.__aeabi_dcmpgt
                0x000026ac       0x5c c:/nxp/mcuxpressoide_10.1.1_606/ide/tools/bin/../lib/gcc/arm-none-eabi/6.3.1/thumb/v6-m\libcr_eabihelpers.a(double.o)
                0x000026ac                __aeabi_dcmpgt
 .text.__aeabi_fmul
                0x00002708       0xc4 c:/nxp/mcuxpressoide_10.1.1_606/ide/tools/bin/../lib/gcc/arm-none-eabi/6.3.1/thumb/v6-m\libcr_eabihelpers.a(float.o)
                0x00002708                __aeabi_fmul
 .text.__aeabi_f2uiz
                0x000027cc       0x2a c:/nxp/mcuxpressoide_10.1.1_606/ide/tools/bin/../lib/gcc/arm-none-eabi/6.3.1/thumb/v6-m\libcr_eabihelpers.a(float.o)
                0x000027cc                __aeabi_f2uiz
 .text.__bhs_ui2f
                0x000027f6       0x62 c:/nxp/mcuxpressoide_10.1.1_606/ide/tools/bin/../lib/gcc/arm-none-eabi/6.3.1/thumb/v6-m\libcr_eabihelpers.a(float.o)
                0x000027f6                __bhs_ui2f
 .text.__aeabi_ui2f
                0x00002858        0xc c:/nxp/mcuxpressoide_10.1.1_606/ide/tools/bin/../lib/gcc/arm-none-eabi/6.3.1/thumb/v6-m\libcr_eabihelpers.a(float.o)
                0x00002858                __aeabi_ui2f
 .text.__aeabi_llong_lmul
                0x00002864       0x2e c:/nxp/mcuxpressoide_10.1.1_606/ide/tools/bin/../lib/gcc/arm-none-eabi/6.3.1/thumb/v6-m\libcr_eabihelpers.a(llong.o)
                0x00002864                __aeabi_lmul
 .text.__aeabi_memcpy
                0x00002892       0x2c c:/nxp/mcuxpressoide_10.1.1_606/ide/tools/bin/../lib/gcc/arm-none-eabi/6.3.1/thumb/v6-m\libcr_eabihelpers.a(memcpy.o)
                0x00002892                __aeabi_memcpy4
                0x00002892                __aeabi_memcpy8
                0x00002892                __aeabi_memcpy
 .text.__aeabi_memset_lowlevel
                0x000028be       0x2a c:/nxp/mcuxpressoide_10.1.1_606/ide/tools/bin/../lib/gcc/arm-none-eabi/6.3.1/thumb/v6-m\libcr_eabihelpers.a(memcpy.o)
                0x000028be                __aeabi_lowlevel_memset
 .text.__sys_close
                0x000028e8        0x6 c:/nxp/mcuxpressoide_10.1.1_606/ide/tools/bin/../lib/gcc/arm-none-eabi/6.3.1/../../../../arm-none-eabi/lib/thumb/v6-m\libcr_nohost_nf.a(__sys_close.o)
                0x000028e8                __sys_close
 .text.__sys_flen
                0x000028ee        0x6 c:/nxp/mcuxpressoide_10.1.1_606/ide/tools/bin/../lib/gcc/arm-none-eabi/6.3.1/../../../../arm-none-eabi/lib/thumb/v6-m\libcr_nohost_nf.a(__sys_flen.o)
                0x000028ee                __sys_flen
 .text.__sys_istty
                0x000028f4        0x6 c:/nxp/mcuxpressoide_10.1.1_606/ide/tools/bin/../lib/gcc/arm-none-eabi/6.3.1/../../../../arm-none-eabi/lib/thumb/v6-m\libcr_nohost_nf.a(__sys_istty.o)
                0x000028f4                __sys_istty
 .text.__sys_remove
                0x000028fa        0x6 c:/nxp/mcuxpressoide_10.1.1_606/ide/tools/bin/../lib/gcc/arm-none-eabi/6.3.1/../../../../arm-none-eabi/lib/thumb/v6-m\libcr_nohost_nf.a(__sys_remove.o)
                0x000028fa                __sys_remove
 .text.__sys_seek
                0x00002900        0x6 c:/nxp/mcuxpressoide_10.1.1_606/ide/tools/bin/../lib/gcc/arm-none-eabi/6.3.1/../../../../arm-none-eabi/lib/thumb/v6-m\libcr_nohost_nf.a(__sys_seek.o)
                0x00002900                __sys_seek
 .text.__sys_tmpnam
                0x00002906        0x6 c:/nxp/mcuxpressoide_10.1.1_606/ide/tools/bin/../lib/gcc/arm-none-eabi/6.3.1/../../../../arm-none-eabi/lib/thumb/v6-m\libcr_nohost_nf.a(__sys_tmpnam.o)
                0x00002906                __sys_tmpnam
 .text.__sys_write
                0x0000290c        0x4 c:/nxp/mcuxpressoide_10.1.1_606/ide/tools/bin/../lib/gcc/arm-none-eabi/6.3.1/../../../../arm-none-eabi/lib/thumb/v6-m\libcr_nohost_nf.a(__sys_write.o)
                0x0000290c                __sys_write
 *(.rodata .rodata.* .constdata .constdata.*)
 .rodata.adcPorts
                0x00002910       0x70 ./source/adc.o
                0x00002910                adcPorts
 .rodata.pwmPorts
                0x00002980       0x18 ./source/pwm.o
                0x00002980                pwmPorts
 .rodata.timers
                0x00002998       0x18 ./source/pwm.o
                0x00002998                timers
 .rodata        0x000029b0      0x11d ./drivers/fsl_clock.o
 *fill*         0x00002acd        0x3 ff
 .rodata        0x00002ad0        0x4 ./drivers/fsl_common.o
 .rodata.mcgConfig_BOARD_BootClockRUN
                0x00002ad4        0xa ./board/clock_config.o
                0x00002ad4                mcgConfig_BOARD_BootClockRUN
 *fill*         0x00002ade        0x2 ff
 .rodata.simConfig_BOARD_BootClockRUN
                0x00002ae0        0x8 ./board/clock_config.o
                0x00002ae0                simConfig_BOARD_BootClockRUN
 .rodata.oscConfig_BOARD_BootClockRUN
                0x00002ae8        0x8 ./board/clock_config.o
                0x00002ae8                oscConfig_BOARD_BootClockRUN
 .rodata._initio.str1.1
                0x00002af0        0x4 c:/nxp/mcuxpressoide_10.1.1_606/ide/tools/bin/../lib/gcc/arm-none-eabi/6.3.1/../../../../arm-none-eabi/lib/thumb/v6-m\libcr_c.a(initio.o)
 .rodata.__num_Ciob_streams
                0x00002af4        0x4 c:/nxp/mcuxpressoide_10.1.1_606/ide/tools/bin/../lib/gcc/arm-none-eabi/6.3.1/../../../../arm-none-eabi/lib/thumb/v6-m\libcr_nohost_nf.a(__ciob.o)
                0x00002af4                __num_Ciob_streams
                0x00002af8                . = ALIGN (0x4)

.glue_7         0x00002af8        0x0
 .glue_7        0x00002af8        0x0 linker stubs

.glue_7t        0x00002af8        0x0
 .glue_7t       0x00002af8        0x0 linker stubs

.vfp11_veneer   0x00002af8        0x0
 .vfp11_veneer  0x00002af8        0x0 linker stubs

.v4_bx          0x00002af8        0x0
 .v4_bx         0x00002af8        0x0 linker stubs

.iplt           0x00002af8        0x0
 .iplt          0x00002af8        0x0 ./utilities/fsl_debug_console.o

.rel.dyn        0x00002af8        0x0
 .rel.iplt      0x00002af8        0x0 ./utilities/fsl_debug_console.o

.ARM.extab
 *(.ARM.extab* .gnu.linkonce.armextab.*)
                0x00002af8                __exidx_start = .

.ARM.exidx
 *(.ARM.exidx* .gnu.linkonce.armexidx.*)
                0x00002af8                __exidx_end = .
                0x00002af8                _etext = .

.m_usb_data
 *(m_usb_bdt)

.mtb_buffer_default
                0x1ffff000       0x80
 *(.mtb*)
 .mtb.$RAM1     0x1ffff000       0x80 ./source/mtb.o
                0x1ffff000                __mtb_buffer__

.uninit_RESERVED
                0x1ffff080        0x0
 *(.bss.$RESERVED*)
                0x1ffff080                . = ALIGN (0x4)
                0x1ffff080                _end_uninit_RESERVED = .

.data           0x1ffff080       0x58 load address 0x00002af8
 FILL mask 0xff
                0x1ffff080                _data = .
 *(vtable)
 *(.ramfunc*)
 *(.data*)
 .data.servoDutyRange
                0x1ffff080       0x10 ./source/ADC_PWM.o
                0x1ffff080                servoDutyRange
 .data.motorDutyRange
                0x1ffff090       0x10 ./source/ADC_PWM.o
                0x1ffff090                motorDutyRange
 .data.buzzerFrequencyRange
                0x1ffff0a0       0x10 ./source/ADC_PWM.o
                0x1ffff0a0                buzzerFrequencyRange
 .data.lightRange
                0x1ffff0b0       0x10 ./source/ADC_PWM.o
                0x1ffff0b0                lightRange
 .data.increment
                0x1ffff0c0        0x4 ./source/sweep.o
 .data.tick     0x1ffff0c4       0x10 ./source/tick.o
 .data.SystemCoreClock
                0x1ffff0d4        0x4 ./CMSIS/system_MKL25Z4.o
                0x1ffff0d4                SystemCoreClock
                0x1ffff0d8                . = ALIGN (0x4)
                0x1ffff0d8                _edata = .

.igot.plt       0x1ffff0d8        0x0 load address 0x00002b50
 .igot.plt      0x1ffff0d8        0x0 ./utilities/fsl_debug_console.o

.bss            0x1ffff0d8      0x184 load address 0x00002b50
                0x1ffff0d8                _bss = .
 *(.bss*)
 .bss.s_debugConsole
                0x1ffff0d8       0x10 ./utilities/fsl_debug_console.o
 .bss.sweep     0x1ffff0e8       0x20 ./source/ADC_PWM.o
                0x1ffff0e8                sweep
 .bss.servo     0x1ffff108       0x14 ./source/ADC_PWM.o
                0x1ffff108                servo
 .bss.motor     0x1ffff11c       0x14 ./source/ADC_PWM.o
                0x1ffff11c                motor
 .bss.buzzer    0x1ffff130       0x14 ./source/ADC_PWM.o
                0x1ffff130                buzzer
 .bss.dial      0x1ffff144        0x1 ./source/ADC_PWM.o
                0x1ffff144                dial
 *fill*         0x1ffff145        0x3 
 .bss.light     0x1ffff148        0x1 ./source/ADC_PWM.o
                0x1ffff148                light
 *fill*         0x1ffff149        0x7 
 .bss.mapper    0x1ffff150       0x28 ./source/ADC_PWM.o
                0x1ffff150                mapper
 .bss.mapping   0x1ffff178        0x8 ./source/mapper.o
 .bss.valueToMap
                0x1ffff180        0x8 ./source/mapper.o
 .bss.g_xtal0Freq
                0x1ffff188        0x4 ./drivers/fsl_clock.o
                0x1ffff188                g_xtal0Freq
 .bss.s_lpsciHandle
                0x1ffff18c        0x4 ./drivers/fsl_lpsci.o
 .bss.s_lpsciIsr
                0x1ffff190        0x4 ./drivers/fsl_lpsci.o
 .bss.s_uartHandle
                0x1ffff194        0xc ./drivers/fsl_uart.o
 .bss.s_uartIsr
                0x1ffff1a0        0x4 ./drivers/fsl_uart.o
 .bss.errno     0x1ffff1a4        0x4 c:/nxp/mcuxpressoide_10.1.1_606/ide/tools/bin/../lib/gcc/arm-none-eabi/6.3.1/../../../../arm-none-eabi/lib/thumb/v6-m\libcr_c.a(errno.o)
                0x1ffff1a4                errno
 .bss.__Ciob    0x1ffff1a8       0xb4 c:/nxp/mcuxpressoide_10.1.1_606/ide/tools/bin/../lib/gcc/arm-none-eabi/6.3.1/../../../../arm-none-eabi/lib/thumb/v6-m\libcr_nohost_nf.a(__ciob.o)
                0x1ffff1a8                __Ciob
 *(COMMON)
                0x1ffff25c                . = ALIGN (0x4)
                0x1ffff25c                _ebss = .
                [!provide]                PROVIDE (end, .)

.noinit         0x1ffff25c        0x0 load address 0x00002b50
                0x1ffff25c                _noinit = .
 *(.noinit*)
                0x1ffff25c                . = ALIGN (0x4)
                0x1ffff25c                _end_noinit = .
                0x00000400                _HeapSize = 0x400

.heap           0x1ffff25c      0x400 load address 0x00002b50
                0x1ffff25c                _pvHeapStart = .
                0x1ffff65c                . = (. + _HeapSize)
 *fill*         0x1ffff25c      0x400 
                0x1ffff65c                . = ALIGN (0x4)
                0x1ffff65c                _pvHeapLimit = .
                0x00000400                _StackSize = 0x400

.heap2stackfill
                0x1ffff65c      0x400 load address 0x00002b50
                0x1ffffa5c                . = (. + _StackSize)
 *fill*         0x1ffff65c      0x400 

.stack          0x20002c00        0x0
                0x20002c00                _vStackBase = .
                0x20002c00                . = ALIGN (0x4)
                0x20003000                _vStackTop = (. + _StackSize)
                0x00000000                _image_start = LOADADDR (.text)
                0x00002b50                _image_end = (LOADADDR (.data) + SIZEOF (.data))
                0x00002b50                _image_size = (_image_end - _image_start)
OUTPUT(ACD_PWM.axf elf32-littlearm)

.debug_info     0x00000000     0x8747
 .debug_info    0x00000000      0xde1 ./utilities/fsl_debug_console.o
 .debug_info    0x00000de1      0x4a2 ./startup/startup_mkl25z4.o
 .debug_info    0x00001283      0x8b2 ./source/ADC_PWM.o
 .debug_info    0x00001b35      0x6e4 ./source/adc.o
 .debug_info    0x00002219      0x2e3 ./source/mapper.o
 .debug_info    0x000024fc       0x51 ./source/mtb.o
 .debug_info    0x0000254d      0x738 ./source/pwm.o
 .debug_info    0x00002c85       0x7a ./source/range_pair.o
 .debug_info    0x00002cff      0x260 ./source/sweep.o
 .debug_info    0x00002f5f      0x23c ./source/tick.o
 .debug_info    0x0000319b     0x1953 ./drivers/fsl_clock.o
 .debug_info    0x00004aee      0x428 ./drivers/fsl_common.o
 .debug_info    0x00004f16     0x1389 ./drivers/fsl_lpsci.o
 .debug_info    0x0000629f     0x1333 ./drivers/fsl_uart.o
 .debug_info    0x000075d2      0xa76 ./board/clock_config.o
 .debug_info    0x00008048      0x2fa ./board/peripherals.o
 .debug_info    0x00008342      0x405 ./CMSIS/system_MKL25Z4.o

.debug_abbrev   0x00000000     0x1d1c
 .debug_abbrev  0x00000000      0x292 ./utilities/fsl_debug_console.o
 .debug_abbrev  0x00000292      0x16d ./startup/startup_mkl25z4.o
 .debug_abbrev  0x000003ff      0x1b4 ./source/ADC_PWM.o
 .debug_abbrev  0x000005b3      0x1f6 ./source/adc.o
 .debug_abbrev  0x000007a9      0x11c ./source/mapper.o
 .debug_abbrev  0x000008c5       0x41 ./source/mtb.o
 .debug_abbrev  0x00000906      0x1d7 ./source/pwm.o
 .debug_abbrev  0x00000add       0x69 ./source/range_pair.o
 .debug_abbrev  0x00000b46      0x111 ./source/sweep.o
 .debug_abbrev  0x00000c57      0x182 ./source/tick.o
 .debug_abbrev  0x00000dd9      0x325 ./drivers/fsl_clock.o
 .debug_abbrev  0x000010fe      0x248 ./drivers/fsl_common.o
 .debug_abbrev  0x00001346      0x2c9 ./drivers/fsl_lpsci.o
 .debug_abbrev  0x0000160f      0x2e1 ./drivers/fsl_uart.o
 .debug_abbrev  0x000018f0      0x1f0 ./board/clock_config.o
 .debug_abbrev  0x00001ae0      0x100 ./board/peripherals.o
 .debug_abbrev  0x00001be0      0x13c ./CMSIS/system_MKL25Z4.o

.debug_aranges  0x00000000      0x930
 .debug_aranges
                0x00000000       0x90 ./utilities/fsl_debug_console.o
 .debug_aranges
                0x00000090      0x160 ./startup/startup_mkl25z4.o
 .debug_aranges
                0x000001f0       0x60 ./source/ADC_PWM.o
 .debug_aranges
                0x00000250       0x70 ./source/adc.o
 .debug_aranges
                0x000002c0       0x38 ./source/mapper.o
 .debug_aranges
                0x000002f8       0x18 ./source/mtb.o
 .debug_aranges
                0x00000310       0x68 ./source/pwm.o
 .debug_aranges
                0x00000378       0x20 ./source/range_pair.o
 .debug_aranges
                0x00000398       0x48 ./source/sweep.o
 .debug_aranges
                0x000003e0       0x40 ./source/tick.o
 .debug_aranges
                0x00000420      0x1d8 ./drivers/fsl_clock.o
 .debug_aranges
                0x000005f8       0x38 ./drivers/fsl_common.o
 .debug_aranges
                0x00000630      0x118 ./drivers/fsl_lpsci.o
 .debug_aranges
                0x00000748      0x130 ./drivers/fsl_uart.o
 .debug_aranges
                0x00000878       0x58 ./board/clock_config.o
 .debug_aranges
                0x000008d0       0x38 ./board/peripherals.o
 .debug_aranges
                0x00000908       0x28 ./CMSIS/system_MKL25Z4.o

.debug_ranges   0x00000000      0x818
 .debug_ranges  0x00000000       0x80 ./utilities/fsl_debug_console.o
 .debug_ranges  0x00000080      0x150 ./startup/startup_mkl25z4.o
 .debug_ranges  0x000001d0       0x50 ./source/ADC_PWM.o
 .debug_ranges  0x00000220       0x60 ./source/adc.o
 .debug_ranges  0x00000280       0x28 ./source/mapper.o
 .debug_ranges  0x000002a8       0x58 ./source/pwm.o
 .debug_ranges  0x00000300       0x10 ./source/range_pair.o
 .debug_ranges  0x00000310       0x38 ./source/sweep.o
 .debug_ranges  0x00000348       0x30 ./source/tick.o
 .debug_ranges  0x00000378      0x1c8 ./drivers/fsl_clock.o
 .debug_ranges  0x00000540       0x28 ./drivers/fsl_common.o
 .debug_ranges  0x00000568      0x108 ./drivers/fsl_lpsci.o
 .debug_ranges  0x00000670      0x120 ./drivers/fsl_uart.o
 .debug_ranges  0x00000790       0x48 ./board/clock_config.o
 .debug_ranges  0x000007d8       0x28 ./board/peripherals.o
 .debug_ranges  0x00000800       0x18 ./CMSIS/system_MKL25Z4.o

.debug_macro    0x00000000     0x8ae8
 .debug_macro   0x00000000      0x127 ./utilities/fsl_debug_console.o
 .debug_macro   0x00000127      0x8da ./utilities/fsl_debug_console.o
 .debug_macro   0x00000a01       0x10 ./utilities/fsl_debug_console.o
 .debug_macro   0x00000a11       0x16 ./utilities/fsl_debug_console.o
 .debug_macro   0x00000a27       0x10 ./utilities/fsl_debug_console.o
 .debug_macro   0x00000a37      0x12d ./utilities/fsl_debug_console.o
 .debug_macro   0x00000b64       0x28 ./utilities/fsl_debug_console.o
 .debug_macro   0x00000b8c       0xc4 ./utilities/fsl_debug_console.o
 .debug_macro   0x00000c50       0x16 ./utilities/fsl_debug_console.o
 .debug_macro   0x00000c66       0x22 ./utilities/fsl_debug_console.o
 .debug_macro   0x00000c88      0x5b2 ./utilities/fsl_debug_console.o
 .debug_macro   0x0000123a       0x10 ./utilities/fsl_debug_console.o
 .debug_macro   0x0000124a       0x3f ./utilities/fsl_debug_console.o
 .debug_macro   0x00001289       0x3a ./utilities/fsl_debug_console.o
 .debug_macro   0x000012c3       0x26 ./utilities/fsl_debug_console.o
 .debug_macro   0x000012e9      0x329 ./utilities/fsl_debug_console.o
 .debug_macro   0x00001612       0x30 ./utilities/fsl_debug_console.o
 .debug_macro   0x00001642     0x51e2 ./utilities/fsl_debug_console.o
 .debug_macro   0x00006824     0x1352 ./utilities/fsl_debug_console.o
 .debug_macro   0x00007b76       0x3a ./utilities/fsl_debug_console.o
 .debug_macro   0x00007bb0       0xf4 ./utilities/fsl_debug_console.o
 .debug_macro   0x00007ca4       0x35 ./utilities/fsl_debug_console.o
 .debug_macro   0x00007cd9       0x2e ./utilities/fsl_debug_console.o
 .debug_macro   0x00007d07       0x10 ./utilities/fsl_debug_console.o
 .debug_macro   0x00007d17       0x10 ./utilities/fsl_debug_console.o
 .debug_macro   0x00007d27       0x29 ./startup/startup_mkl25z4.o
 .debug_macro   0x00007d50      0x159 ./source/ADC_PWM.o
 .debug_macro   0x00007ea9       0x34 ./source/ADC_PWM.o
 .debug_macro   0x00007edd       0x16 ./source/ADC_PWM.o
 .debug_macro   0x00007ef3       0x10 ./source/ADC_PWM.o
 .debug_macro   0x00007f03      0x112 ./source/ADC_PWM.o
 .debug_macro   0x00008015       0x8c ./source/adc.o
 .debug_macro   0x000080a1       0x63 ./source/mapper.o
 .debug_macro   0x00008104       0xd8 ./source/mapper.o
 .debug_macro   0x000081dc       0x2f ./source/mtb.o
 .debug_macro   0x0000820b       0x82 ./source/mtb.o
 .debug_macro   0x0000828d       0x10 ./source/mtb.o
 .debug_macro   0x0000829d       0x8c ./source/pwm.o
 .debug_macro   0x00008329       0x1b ./source/range_pair.o
 .debug_macro   0x00008344       0x50 ./source/sweep.o
 .debug_macro   0x00008394       0x8c ./source/tick.o
 .debug_macro   0x00008420      0x196 ./drivers/fsl_clock.o
 .debug_macro   0x000085b6       0x1c ./drivers/fsl_clock.o
 .debug_macro   0x000085d2       0xef ./drivers/fsl_common.o
 .debug_macro   0x000086c1       0xec ./drivers/fsl_lpsci.o
 .debug_macro   0x000087ad       0xf2 ./drivers/fsl_uart.o
 .debug_macro   0x0000889f      0x123 ./board/clock_config.o
 .debug_macro   0x000089c2       0x92 ./board/peripherals.o
 .debug_macro   0x00008a54       0x94 ./CMSIS/system_MKL25Z4.o

.debug_line     0x00000000     0x376b
 .debug_line    0x00000000      0x6d7 ./utilities/fsl_debug_console.o
 .debug_line    0x000006d7      0x128 ./startup/startup_mkl25z4.o
 .debug_line    0x000007ff      0x3a1 ./source/ADC_PWM.o
 .debug_line    0x00000ba0      0x24e ./source/adc.o
 .debug_line    0x00000dee      0x16a ./source/mapper.o
 .debug_line    0x00000f58       0x95 ./source/mtb.o
 .debug_line    0x00000fed      0x242 ./source/pwm.o
 .debug_line    0x0000122f       0x56 ./source/range_pair.o
 .debug_line    0x00001285      0x180 ./source/sweep.o
 .debug_line    0x00001405      0x1d7 ./source/tick.o
 .debug_line    0x000015dc      0x987 ./drivers/fsl_clock.o
 .debug_line    0x00001f63      0x2f3 ./drivers/fsl_common.o
 .debug_line    0x00002256      0x73a ./drivers/fsl_lpsci.o
 .debug_line    0x00002990      0x73d ./drivers/fsl_uart.o
 .debug_line    0x000030cd      0x2e7 ./board/clock_config.o
 .debug_line    0x000033b4      0x1cf ./board/peripherals.o
 .debug_line    0x00003583      0x1e8 ./CMSIS/system_MKL25Z4.o

.debug_str      0x00000000    0x35bad
 .debug_str     0x00000000    0x30c54 ./utilities/fsl_debug_console.o
                              0x30f20 (size before relaxing)
 .debug_str     0x00030c54      0x3e1 ./startup/startup_mkl25z4.o
                               0x298c (size before relaxing)
 .debug_str     0x00031035      0xf4c ./source/ADC_PWM.o
                              0x31088 (size before relaxing)
 .debug_str     0x00031f81      0x2e7 ./source/adc.o
                              0x28823 (size before relaxing)
 .debug_str     0x00032268      0x3be ./source/mapper.o
                               0x4070 (size before relaxing)
 .debug_str     0x00032626      0x532 ./source/mtb.o
                               0x2a8b (size before relaxing)
 .debug_str     0x00032b58      0x169 ./source/pwm.o
                              0x287da (size before relaxing)
 .debug_str     0x00032cc1       0x2f ./source/range_pair.o
                               0x2599 (size before relaxing)
 .debug_str     0x00032cf0       0xa0 ./source/sweep.o
                               0x3d5a (size before relaxing)
 .debug_str     0x00032d90       0xe5 ./source/tick.o
                              0x28623 (size before relaxing)
 .debug_str     0x00032e75     0x14cc ./drivers/fsl_clock.o
                              0x31a93 (size before relaxing)
 .debug_str     0x00034341      0x2c8 ./drivers/fsl_common.o
                              0x3007a (size before relaxing)
 .debug_str     0x00034609      0x9ce ./drivers/fsl_lpsci.o
                              0x3109b (size before relaxing)
 .debug_str     0x00034fd7      0x832 ./drivers/fsl_uart.o
                              0x310be (size before relaxing)
 .debug_str     0x00035809      0x300 ./board/clock_config.o
                              0x309c1 (size before relaxing)
 .debug_str     0x00035b09       0x55 ./board/peripherals.o
                              0x2862c (size before relaxing)
 .debug_str     0x00035b5e       0x4f ./CMSIS/system_MKL25Z4.o
                              0x2f3fd (size before relaxing)

.comment        0x00000000       0x7f
 .comment       0x00000000       0x7f ./utilities/fsl_debug_console.o
                                 0x80 (size before relaxing)
 .comment       0x0000007f       0x80 ./startup/startup_mkl25z4.o
 .comment       0x0000007f       0x80 ./source/ADC_PWM.o
 .comment       0x0000007f       0x80 ./source/adc.o
 .comment       0x0000007f       0x80 ./source/mapper.o
 .comment       0x0000007f       0x80 ./source/mtb.o
 .comment       0x0000007f       0x80 ./source/pwm.o
 .comment       0x0000007f       0x80 ./source/range_pair.o
 .comment       0x0000007f       0x80 ./source/sweep.o
 .comment       0x0000007f       0x80 ./source/tick.o
 .comment       0x0000007f       0x80 ./drivers/fsl_clock.o
 .comment       0x0000007f       0x80 ./drivers/fsl_common.o
 .comment       0x0000007f       0x80 ./drivers/fsl_lpsci.o
 .comment       0x0000007f       0x80 ./drivers/fsl_uart.o
 .comment       0x0000007f       0x80 ./board/clock_config.o
 .comment       0x0000007f       0x80 ./board/peripherals.o
 .comment       0x0000007f       0x80 ./CMSIS/system_MKL25Z4.o
 .comment       0x0000007f       0x80 c:/nxp/mcuxpressoide_10.1.1_606/ide/tools/bin/../lib/gcc/arm-none-eabi/6.3.1/../../../../arm-none-eabi/lib/thumb/v6-m\libcr_nohost_nf.a(_cr__main.o)
 .comment       0x0000007f       0x80 c:/nxp/mcuxpressoide_10.1.1_606/ide/tools/bin/../lib/gcc/arm-none-eabi/6.3.1/../../../../arm-none-eabi/lib/thumb/v6-m\libcr_c.a(memcpy.o)
 .comment       0x0000007f       0x80 c:/nxp/mcuxpressoide_10.1.1_606/ide/tools/bin/../lib/gcc/arm-none-eabi/6.3.1/../../../../arm-none-eabi/lib/thumb/v6-m\libcr_c.a(memset.o)
 .comment       0x0000007f       0x80 c:/nxp/mcuxpressoide_10.1.1_606/ide/tools/bin/../lib/gcc/arm-none-eabi/6.3.1/../../../../arm-none-eabi/lib/thumb/v6-m\libcr_c.a(initio.o)
 .comment       0x0000007f       0x80 c:/nxp/mcuxpressoide_10.1.1_606/ide/tools/bin/../lib/gcc/arm-none-eabi/6.3.1/../../../../arm-none-eabi/lib/thumb/v6-m\libcr_c.a(setvbuf.o)
 .comment       0x0000007f       0x80 c:/nxp/mcuxpressoide_10.1.1_606/ide/tools/bin/../lib/gcc/arm-none-eabi/6.3.1/../../../../arm-none-eabi/lib/thumb/v6-m\libcr_c.a(strlen.o)
 .comment       0x0000007f       0x80 c:/nxp/mcuxpressoide_10.1.1_606/ide/tools/bin/../lib/gcc/arm-none-eabi/6.3.1/../../../../arm-none-eabi/lib/thumb/v6-m\libcr_c.a(_fdopen.o)
 .comment       0x0000007f       0x80 c:/nxp/mcuxpressoide_10.1.1_606/ide/tools/bin/../lib/gcc/arm-none-eabi/6.3.1/../../../../arm-none-eabi/lib/thumb/v6-m\libcr_c.a(fclose.o)
 .comment       0x0000007f       0x80 c:/nxp/mcuxpressoide_10.1.1_606/ide/tools/bin/../lib/gcc/arm-none-eabi/6.3.1/../../../../arm-none-eabi/lib/thumb/v6-m\libcr_c.a(fflush.o)
 .comment       0x0000007f       0x80 c:/nxp/mcuxpressoide_10.1.1_606/ide/tools/bin/../lib/gcc/arm-none-eabi/6.3.1/../../../../arm-none-eabi/lib/thumb/v6-m\libcr_c.a(fseek.o)
 .comment       0x0000007f       0x80 c:/nxp/mcuxpressoide_10.1.1_606/ide/tools/bin/../lib/gcc/arm-none-eabi/6.3.1/../../../../arm-none-eabi/lib/thumb/v6-m\libcr_c.a(ftell.o)
 .comment       0x0000007f       0x80 c:/nxp/mcuxpressoide_10.1.1_606/ide/tools/bin/../lib/gcc/arm-none-eabi/6.3.1/../../../../arm-none-eabi/lib/thumb/v6-m\libcr_c.a(remove.o)
 .comment       0x0000007f       0x80 c:/nxp/mcuxpressoide_10.1.1_606/ide/tools/bin/../lib/gcc/arm-none-eabi/6.3.1/../../../../arm-none-eabi/lib/thumb/v6-m\libcr_c.a(_do_fflush.o)
 .comment       0x0000007f       0x80 c:/nxp/mcuxpressoide_10.1.1_606/ide/tools/bin/../lib/gcc/arm-none-eabi/6.3.1/../../../../arm-none-eabi/lib/thumb/v6-m\libcr_c.a(_fflush.o)
 .comment       0x0000007f       0x80 c:/nxp/mcuxpressoide_10.1.1_606/ide/tools/bin/../lib/gcc/arm-none-eabi/6.3.1/../../../../arm-none-eabi/lib/thumb/v6-m\libcr_c.a(_writebuf.o)
 .comment       0x0000007f       0x80 c:/nxp/mcuxpressoide_10.1.1_606/ide/tools/bin/../lib/gcc/arm-none-eabi/6.3.1/../../../../arm-none-eabi/lib/thumb/v6-m\libcr_c.a(alloc.o)
 .comment       0x0000007f       0x80 c:/nxp/mcuxpressoide_10.1.1_606/ide/tools/bin/../lib/gcc/arm-none-eabi/6.3.1/../../../../arm-none-eabi/lib/thumb/v6-m\libcr_c.a(errno.o)
 .comment       0x0000007f       0x80 c:/nxp/mcuxpressoide_10.1.1_606/ide/tools/bin/../lib/gcc/arm-none-eabi/6.3.1/../../../../arm-none-eabi/lib/thumb/v6-m\libcr_c.a(_deferredlazyseek.o)
 .comment       0x0000007f       0x80 c:/nxp/mcuxpressoide_10.1.1_606/ide/tools/bin/../lib/gcc/arm-none-eabi/6.3.1/thumb/v6-m\libcr_eabihelpers.a(double.o)
 .comment       0x0000007f       0x80 c:/nxp/mcuxpressoide_10.1.1_606/ide/tools/bin/../lib/gcc/arm-none-eabi/6.3.1/thumb/v6-m\libcr_eabihelpers.a(float.o)
 .comment       0x0000007f       0x80 c:/nxp/mcuxpressoide_10.1.1_606/ide/tools/bin/../lib/gcc/arm-none-eabi/6.3.1/../../../../arm-none-eabi/lib/thumb/v6-m\libcr_nohost_nf.a(__ciob.o)
 .comment       0x0000007f       0x80 c:/nxp/mcuxpressoide_10.1.1_606/ide/tools/bin/../lib/gcc/arm-none-eabi/6.3.1/../../../../arm-none-eabi/lib/thumb/v6-m\libcr_nohost_nf.a(__sys_close.o)
 .comment       0x0000007f       0x80 c:/nxp/mcuxpressoide_10.1.1_606/ide/tools/bin/../lib/gcc/arm-none-eabi/6.3.1/../../../../arm-none-eabi/lib/thumb/v6-m\libcr_nohost_nf.a(__sys_flen.o)
 .comment       0x0000007f       0x80 c:/nxp/mcuxpressoide_10.1.1_606/ide/tools/bin/../lib/gcc/arm-none-eabi/6.3.1/../../../../arm-none-eabi/lib/thumb/v6-m\libcr_nohost_nf.a(__sys_istty.o)
 .comment       0x0000007f       0x80 c:/nxp/mcuxpressoide_10.1.1_606/ide/tools/bin/../lib/gcc/arm-none-eabi/6.3.1/../../../../arm-none-eabi/lib/thumb/v6-m\libcr_nohost_nf.a(__sys_remove.o)
 .comment       0x0000007f       0x80 c:/nxp/mcuxpressoide_10.1.1_606/ide/tools/bin/../lib/gcc/arm-none-eabi/6.3.1/../../../../arm-none-eabi/lib/thumb/v6-m\libcr_nohost_nf.a(__sys_seek.o)
 .comment       0x0000007f       0x80 c:/nxp/mcuxpressoide_10.1.1_606/ide/tools/bin/../lib/gcc/arm-none-eabi/6.3.1/../../../../arm-none-eabi/lib/thumb/v6-m\libcr_nohost_nf.a(__sys_tmpnam.o)
 .comment       0x0000007f       0x80 c:/nxp/mcuxpressoide_10.1.1_606/ide/tools/bin/../lib/gcc/arm-none-eabi/6.3.1/../../../../arm-none-eabi/lib/thumb/v6-m\libcr_nohost_nf.a(__sys_write.o)

.ARM.attributes
                0x00000000       0x30
 .ARM.attributes
                0x00000000       0x32 ./utilities/fsl_debug_console.o
 .ARM.attributes
                0x00000032       0x32 ./startup/startup_mkl25z4.o
 .ARM.attributes
                0x00000064       0x32 ./source/ADC_PWM.o
 .ARM.attributes
                0x00000096       0x32 ./source/adc.o
 .ARM.attributes
                0x000000c8       0x32 ./source/mapper.o
 .ARM.attributes
                0x000000fa       0x32 ./source/mtb.o
 .ARM.attributes
                0x0000012c       0x32 ./source/pwm.o
 .ARM.attributes
                0x0000015e       0x32 ./source/range_pair.o
 .ARM.attributes
                0x00000190       0x32 ./source/sweep.o
 .ARM.attributes
                0x000001c2       0x32 ./source/tick.o
 .ARM.attributes
                0x000001f4       0x32 ./drivers/fsl_clock.o
 .ARM.attributes
                0x00000226       0x32 ./drivers/fsl_common.o
 .ARM.attributes
                0x00000258       0x32 ./drivers/fsl_lpsci.o
 .ARM.attributes
                0x0000028a       0x32 ./drivers/fsl_uart.o
 .ARM.attributes
                0x000002bc       0x32 ./board/clock_config.o
 .ARM.attributes
                0x000002ee       0x32 ./board/peripherals.o
 .ARM.attributes
                0x00000320       0x32 ./CMSIS/system_MKL25Z4.o
 .ARM.attributes
                0x00000352       0x31 c:/nxp/mcuxpressoide_10.1.1_606/ide/tools/bin/../lib/gcc/arm-none-eabi/6.3.1/../../../../arm-none-eabi/lib/thumb/v6-m\libcr_nohost_nf.a(_cr__main.o)
 .ARM.attributes
                0x00000383       0x31 c:/nxp/mcuxpressoide_10.1.1_606/ide/tools/bin/../lib/gcc/arm-none-eabi/6.3.1/../../../../arm-none-eabi/lib/thumb/v6-m\libcr_c.a(memcpy.o)
 .ARM.attributes
                0x000003b4       0x31 c:/nxp/mcuxpressoide_10.1.1_606/ide/tools/bin/../lib/gcc/arm-none-eabi/6.3.1/../../../../arm-none-eabi/lib/thumb/v6-m\libcr_c.a(memset.o)
 .ARM.attributes
                0x000003e5       0x31 c:/nxp/mcuxpressoide_10.1.1_606/ide/tools/bin/../lib/gcc/arm-none-eabi/6.3.1/../../../../arm-none-eabi/lib/thumb/v6-m\libcr_c.a(initio.o)
 .ARM.attributes
                0x00000416       0x31 c:/nxp/mcuxpressoide_10.1.1_606/ide/tools/bin/../lib/gcc/arm-none-eabi/6.3.1/../../../../arm-none-eabi/lib/thumb/v6-m\libcr_c.a(setvbuf.o)
 .ARM.attributes
                0x00000447       0x31 c:/nxp/mcuxpressoide_10.1.1_606/ide/tools/bin/../lib/gcc/arm-none-eabi/6.3.1/../../../../arm-none-eabi/lib/thumb/v6-m\libcr_c.a(strlen.o)
 .ARM.attributes
                0x00000478       0x31 c:/nxp/mcuxpressoide_10.1.1_606/ide/tools/bin/../lib/gcc/arm-none-eabi/6.3.1/../../../../arm-none-eabi/lib/thumb/v6-m\libcr_c.a(_fdopen.o)
 .ARM.attributes
                0x000004a9       0x31 c:/nxp/mcuxpressoide_10.1.1_606/ide/tools/bin/../lib/gcc/arm-none-eabi/6.3.1/../../../../arm-none-eabi/lib/thumb/v6-m\libcr_c.a(fclose.o)
 .ARM.attributes
                0x000004da       0x31 c:/nxp/mcuxpressoide_10.1.1_606/ide/tools/bin/../lib/gcc/arm-none-eabi/6.3.1/../../../../arm-none-eabi/lib/thumb/v6-m\libcr_c.a(fflush.o)
 .ARM.attributes
                0x0000050b       0x31 c:/nxp/mcuxpressoide_10.1.1_606/ide/tools/bin/../lib/gcc/arm-none-eabi/6.3.1/../../../../arm-none-eabi/lib/thumb/v6-m\libcr_c.a(fseek.o)
 .ARM.attributes
                0x0000053c       0x31 c:/nxp/mcuxpressoide_10.1.1_606/ide/tools/bin/../lib/gcc/arm-none-eabi/6.3.1/../../../../arm-none-eabi/lib/thumb/v6-m\libcr_c.a(ftell.o)
 .ARM.attributes
                0x0000056d       0x31 c:/nxp/mcuxpressoide_10.1.1_606/ide/tools/bin/../lib/gcc/arm-none-eabi/6.3.1/../../../../arm-none-eabi/lib/thumb/v6-m\libcr_c.a(remove.o)
 .ARM.attributes
                0x0000059e       0x31 c:/nxp/mcuxpressoide_10.1.1_606/ide/tools/bin/../lib/gcc/arm-none-eabi/6.3.1/../../../../arm-none-eabi/lib/thumb/v6-m\libcr_c.a(_do_fflush.o)
 .ARM.attributes
                0x000005cf       0x31 c:/nxp/mcuxpressoide_10.1.1_606/ide/tools/bin/../lib/gcc/arm-none-eabi/6.3.1/../../../../arm-none-eabi/lib/thumb/v6-m\libcr_c.a(_fflush.o)
 .ARM.attributes
                0x00000600       0x31 c:/nxp/mcuxpressoide_10.1.1_606/ide/tools/bin/../lib/gcc/arm-none-eabi/6.3.1/../../../../arm-none-eabi/lib/thumb/v6-m\libcr_c.a(_writebuf.o)
 .ARM.attributes
                0x00000631       0x31 c:/nxp/mcuxpressoide_10.1.1_606/ide/tools/bin/../lib/gcc/arm-none-eabi/6.3.1/../../../../arm-none-eabi/lib/thumb/v6-m\libcr_c.a(alloc.o)
 .ARM.attributes
                0x00000662       0x31 c:/nxp/mcuxpressoide_10.1.1_606/ide/tools/bin/../lib/gcc/arm-none-eabi/6.3.1/../../../../arm-none-eabi/lib/thumb/v6-m\libcr_c.a(errno.o)
 .ARM.attributes
                0x00000693       0x31 c:/nxp/mcuxpressoide_10.1.1_606/ide/tools/bin/../lib/gcc/arm-none-eabi/6.3.1/../../../../arm-none-eabi/lib/thumb/v6-m\libcr_c.a(_deferredlazyseek.o)
 .ARM.attributes
                0x000006c4       0x21 c:/nxp/mcuxpressoide_10.1.1_606/ide/tools/bin/../lib/gcc/arm-none-eabi/6.3.1/thumb/v6-m\libcr_eabihelpers.a(division_32.o)
 .ARM.attributes
                0x000006e5       0x21 c:/nxp/mcuxpressoide_10.1.1_606/ide/tools/bin/../lib/gcc/arm-none-eabi/6.3.1/thumb/v6-m\libcr_eabihelpers.a(division_idiv0.o)
 .ARM.attributes
                0x00000706       0x31 c:/nxp/mcuxpressoide_10.1.1_606/ide/tools/bin/../lib/gcc/arm-none-eabi/6.3.1/thumb/v6-m\libcr_eabihelpers.a(double.o)
 .ARM.attributes
                0x00000737       0x31 c:/nxp/mcuxpressoide_10.1.1_606/ide/tools/bin/../lib/gcc/arm-none-eabi/6.3.1/thumb/v6-m\libcr_eabihelpers.a(float.o)
 .ARM.attributes
                0x00000768       0x21 c:/nxp/mcuxpressoide_10.1.1_606/ide/tools/bin/../lib/gcc/arm-none-eabi/6.3.1/thumb/v6-m\libcr_eabihelpers.a(llong.o)
 .ARM.attributes
                0x00000789       0x21 c:/nxp/mcuxpressoide_10.1.1_606/ide/tools/bin/../lib/gcc/arm-none-eabi/6.3.1/thumb/v6-m\libcr_eabihelpers.a(memcpy.o)
 .ARM.attributes
                0x000007aa       0x31 c:/nxp/mcuxpressoide_10.1.1_606/ide/tools/bin/../lib/gcc/arm-none-eabi/6.3.1/../../../../arm-none-eabi/lib/thumb/v6-m\libcr_nohost_nf.a(__ciob.o)
 .ARM.attributes
                0x000007db       0x31 c:/nxp/mcuxpressoide_10.1.1_606/ide/tools/bin/../lib/gcc/arm-none-eabi/6.3.1/../../../../arm-none-eabi/lib/thumb/v6-m\libcr_nohost_nf.a(__sys_close.o)
 .ARM.attributes
                0x0000080c       0x31 c:/nxp/mcuxpressoide_10.1.1_606/ide/tools/bin/../lib/gcc/arm-none-eabi/6.3.1/../../../../arm-none-eabi/lib/thumb/v6-m\libcr_nohost_nf.a(__sys_flen.o)
 .ARM.attributes
                0x0000083d       0x31 c:/nxp/mcuxpressoide_10.1.1_606/ide/tools/bin/../lib/gcc/arm-none-eabi/6.3.1/../../../../arm-none-eabi/lib/thumb/v6-m\libcr_nohost_nf.a(__sys_istty.o)
 .ARM.attributes
                0x0000086e       0x31 c:/nxp/mcuxpressoide_10.1.1_606/ide/tools/bin/../lib/gcc/arm-none-eabi/6.3.1/../../../../arm-none-eabi/lib/thumb/v6-m\libcr_nohost_nf.a(__sys_remove.o)
 .ARM.attributes
                0x0000089f       0x31 c:/nxp/mcuxpressoide_10.1.1_606/ide/tools/bin/../lib/gcc/arm-none-eabi/6.3.1/../../../../arm-none-eabi/lib/thumb/v6-m\libcr_nohost_nf.a(__sys_seek.o)
 .ARM.attributes
                0x000008d0       0x31 c:/nxp/mcuxpressoide_10.1.1_606/ide/tools/bin/../lib/gcc/arm-none-eabi/6.3.1/../../../../arm-none-eabi/lib/thumb/v6-m\libcr_nohost_nf.a(__sys_tmpnam.o)
 .ARM.attributes
                0x00000901       0x31 c:/nxp/mcuxpressoide_10.1.1_606/ide/tools/bin/../lib/gcc/arm-none-eabi/6.3.1/../../../../arm-none-eabi/lib/thumb/v6-m\libcr_nohost_nf.a(__sys_write.o)

.debug_frame    0x00000000     0x1d40
 .debug_frame   0x00000000      0x1ec ./utilities/fsl_debug_console.o
 .debug_frame   0x000001ec      0x3b0 ./startup/startup_mkl25z4.o
 .debug_frame   0x0000059c      0x118 ./source/ADC_PWM.o
 .debug_frame   0x000006b4      0x154 ./source/adc.o
 .debug_frame   0x00000808       0x98 ./source/mapper.o
 .debug_frame   0x000008a0      0x150 ./source/pwm.o
 .debug_frame   0x000009f0       0x30 ./source/range_pair.o
 .debug_frame   0x00000a20       0xd0 ./source/sweep.o
 .debug_frame   0x00000af0       0xa4 ./source/tick.o
 .debug_frame   0x00000b94      0x6dc ./drivers/fsl_clock.o
 .debug_frame   0x00001270       0x90 ./drivers/fsl_common.o
 .debug_frame   0x00001300      0x410 ./drivers/fsl_lpsci.o
 .debug_frame   0x00001710      0x464 ./drivers/fsl_uart.o
 .debug_frame   0x00001b74      0x100 ./board/clock_config.o
 .debug_frame   0x00001c74       0x80 ./board/peripherals.o
 .debug_frame   0x00001cf4       0x4c ./CMSIS/system_MKL25Z4.o
