Archive member included to satisfy reference by file (symbol)

c:/nxp/mcuxpressoide_10.1.1_606/ide/tools/bin/../lib/gcc/arm-none-eabi/6.3.1/../../../../arm-none-eabi/lib/thumb/v6-m\libcr_nohost_nf.a(_cr__main.o)
                              ./startup/startup_mkl25z4.o (__main)
c:/nxp/mcuxpressoide_10.1.1_606/ide/tools/bin/../lib/gcc/arm-none-eabi/6.3.1/../../../../arm-none-eabi/lib/thumb/v6-m\libcr_c.a(memcpy.o)
                              ./source/ADC_PWM.o (memcpy)
c:/nxp/mcuxpressoide_10.1.1_606/ide/tools/bin/../lib/gcc/arm-none-eabi/6.3.1/../../../../arm-none-eabi/lib/thumb/v6-m\libcr_c.a(memset.o)
                              ./drivers/fsl_flash.o (memset)
c:/nxp/mcuxpressoide_10.1.1_606/ide/tools/bin/../lib/gcc/arm-none-eabi/6.3.1/../../../../arm-none-eabi/lib/thumb/v6-m\libcr_c.a(initio.o)
                              c:/nxp/mcuxpressoide_10.1.1_606/ide/tools/bin/../lib/gcc/arm-none-eabi/6.3.1/../../../../arm-none-eabi/lib/thumb/v6-m\libcr_nohost_nf.a(_cr__main.o) (_initio)
c:/nxp/mcuxpressoide_10.1.1_606/ide/tools/bin/../lib/gcc/arm-none-eabi/6.3.1/../../../../arm-none-eabi/lib/thumb/v6-m\libcr_c.a(setvbuf.o)
                              c:/nxp/mcuxpressoide_10.1.1_606/ide/tools/bin/../lib/gcc/arm-none-eabi/6.3.1/../../../../arm-none-eabi/lib/thumb/v6-m\libcr_c.a(initio.o) (setvbuf)
c:/nxp/mcuxpressoide_10.1.1_606/ide/tools/bin/../lib/gcc/arm-none-eabi/6.3.1/../../../../arm-none-eabi/lib/thumb/v6-m\libcr_c.a(strlen.o)
                              ./utilities/fsl_debug_console.o (strlen)
c:/nxp/mcuxpressoide_10.1.1_606/ide/tools/bin/../lib/gcc/arm-none-eabi/6.3.1/../../../../arm-none-eabi/lib/thumb/v6-m\libcr_c.a(_fdopen.o)
                              c:/nxp/mcuxpressoide_10.1.1_606/ide/tools/bin/../lib/gcc/arm-none-eabi/6.3.1/../../../../arm-none-eabi/lib/thumb/v6-m\libcr_c.a(initio.o) (_fdopen)
c:/nxp/mcuxpressoide_10.1.1_606/ide/tools/bin/../lib/gcc/arm-none-eabi/6.3.1/../../../../arm-none-eabi/lib/thumb/v6-m\libcr_c.a(fclose.o)
                              c:/nxp/mcuxpressoide_10.1.1_606/ide/tools/bin/../lib/gcc/arm-none-eabi/6.3.1/../../../../arm-none-eabi/lib/thumb/v6-m\libcr_c.a(initio.o) (fclose)
c:/nxp/mcuxpressoide_10.1.1_606/ide/tools/bin/../lib/gcc/arm-none-eabi/6.3.1/../../../../arm-none-eabi/lib/thumb/v6-m\libcr_c.a(fflush.o)
                              c:/nxp/mcuxpressoide_10.1.1_606/ide/tools/bin/../lib/gcc/arm-none-eabi/6.3.1/../../../../arm-none-eabi/lib/thumb/v6-m\libcr_c.a(fclose.o) (fflush)
c:/nxp/mcuxpressoide_10.1.1_606/ide/tools/bin/../lib/gcc/arm-none-eabi/6.3.1/../../../../arm-none-eabi/lib/thumb/v6-m\libcr_c.a(fseek.o)
                              c:/nxp/mcuxpressoide_10.1.1_606/ide/tools/bin/../lib/gcc/arm-none-eabi/6.3.1/../../../../arm-none-eabi/lib/thumb/v6-m\libcr_c.a(_fdopen.o) (fseek)
c:/nxp/mcuxpressoide_10.1.1_606/ide/tools/bin/../lib/gcc/arm-none-eabi/6.3.1/../../../../arm-none-eabi/lib/thumb/v6-m\libcr_c.a(ftell.o)
                              c:/nxp/mcuxpressoide_10.1.1_606/ide/tools/bin/../lib/gcc/arm-none-eabi/6.3.1/../../../../arm-none-eabi/lib/thumb/v6-m\libcr_c.a(fseek.o) (ftell)
c:/nxp/mcuxpressoide_10.1.1_606/ide/tools/bin/../lib/gcc/arm-none-eabi/6.3.1/../../../../arm-none-eabi/lib/thumb/v6-m\libcr_c.a(remove.o)
                              c:/nxp/mcuxpressoide_10.1.1_606/ide/tools/bin/../lib/gcc/arm-none-eabi/6.3.1/../../../../arm-none-eabi/lib/thumb/v6-m\libcr_c.a(fclose.o) (remove)
c:/nxp/mcuxpressoide_10.1.1_606/ide/tools/bin/../lib/gcc/arm-none-eabi/6.3.1/../../../../arm-none-eabi/lib/thumb/v6-m\libcr_c.a(_do_fflush.o)
                              c:/nxp/mcuxpressoide_10.1.1_606/ide/tools/bin/../lib/gcc/arm-none-eabi/6.3.1/../../../../arm-none-eabi/lib/thumb/v6-m\libcr_c.a(fflush.o) (_do_fflush)
c:/nxp/mcuxpressoide_10.1.1_606/ide/tools/bin/../lib/gcc/arm-none-eabi/6.3.1/../../../../arm-none-eabi/lib/thumb/v6-m\libcr_c.a(_fflush.o)
                              c:/nxp/mcuxpressoide_10.1.1_606/ide/tools/bin/../lib/gcc/arm-none-eabi/6.3.1/../../../../arm-none-eabi/lib/thumb/v6-m\libcr_c.a(_do_fflush.o) (_fflush)
c:/nxp/mcuxpressoide_10.1.1_606/ide/tools/bin/../lib/gcc/arm-none-eabi/6.3.1/../../../../arm-none-eabi/lib/thumb/v6-m\libcr_c.a(_writebuf.o)
                              c:/nxp/mcuxpressoide_10.1.1_606/ide/tools/bin/../lib/gcc/arm-none-eabi/6.3.1/../../../../arm-none-eabi/lib/thumb/v6-m\libcr_c.a(_fflush.o) (_Cwritebuf)
c:/nxp/mcuxpressoide_10.1.1_606/ide/tools/bin/../lib/gcc/arm-none-eabi/6.3.1/../../../../arm-none-eabi/lib/thumb/v6-m\libcr_c.a(alloc.o)
                              c:/nxp/mcuxpressoide_10.1.1_606/ide/tools/bin/../lib/gcc/arm-none-eabi/6.3.1/../../../../arm-none-eabi/lib/thumb/v6-m\libcr_c.a(fclose.o) (free)
c:/nxp/mcuxpressoide_10.1.1_606/ide/tools/bin/../lib/gcc/arm-none-eabi/6.3.1/../../../../arm-none-eabi/lib/thumb/v6-m\libcr_c.a(errno.o)
[...]
Memory Configuration

Name             Origin             Length             Attributes
PROGRAM_FLASH    0x00000000         0x00020000         xr
SRAM             0x1ffff000         0x00004000         xrw
*default*        0x00000000         0xffffffff

Linker script and memory map

LOAD ./utilities/fsl_debug_console.o
LOAD ./startup/startup_mkl25z4.o
LOAD ./source/ADC_PWM.o
LOAD ./source/adc.o
LOAD ./source/mapper.o
LOAD ./source/mtb.o
LOAD ./source/pwm.o
LOAD ./source/range_pair.o
LOAD ./drivers/fsl_clock.o
LOAD ./drivers/fsl_common.o
LOAD ./drivers/fsl_flash.o
LOAD ./drivers/fsl_gpio.o
LOAD ./drivers/fsl_lpsci.o
LOAD ./drivers/fsl_smc.o
LOAD ./drivers/fsl_uart.o
LOAD ./board/board.o
LOAD ./board/clock_config.o
LOAD ./board/peripherals.o
LOAD ./board/pin_mux.o
LOAD ./CMSIS/system_MKL25Z4.o
START GROUP
LOAD c:/nxp/mcuxpressoide_10.1.1_606/ide/tools/bin/../lib/gcc/arm-none-eabi/6.3.1/../../../../arm-none-eabi/lib/thumb/v6-m\libcr_nohost_nf.a
LOAD c:/nxp/mcuxpressoide_10.1.1_606/ide/tools/bin/../lib/gcc/arm-none-eabi/6.3.1/../../../../arm-none-eabi/lib/thumb/v6-m\libcr_c.a
LOAD c:/nxp/mcuxpressoide_10.1.1_606/ide/tools/bin/../lib/gcc/arm-none-eabi/6.3.1/thumb/v6-m\libcr_eabihelpers.a
END GROUP
                0x00000000                __base_PROGRAM_FLASH = 0x0
                0x00000000                __base_Flash = 0x0
                0x00020000                __top_PROGRAM_FLASH = 0x20000
                0x00020000                __top_Flash = 0x20000
                0x1ffff000                __base_SRAM = 0x1ffff000
                0x1ffff000                __base_RAM = 0x1ffff000
                0x20003000                __top_SRAM = 0x20003000
                0x20003000                __top_RAM = 0x20003000

.text           0x00000000     0x28ac
 FILL mask 0xff
                0x00000000                __vectors_start__ = ABSOLUTE (.)
 *(.isr_vector)
 .isr_vector    0x00000000       0xc0 ./startup/startup_mkl25z4.o
                0x00000000                g_pfnVectors
                0x00000000                __Vectors
                0x000000c0                . = ALIGN (0x4)
                0x000000c0                __section_table_start = .
                0x000000c0                __data_section_table = .
                0x000000c0        0x4 LONG 0x28ac LOADADDR (.data)
                0x000000c4        0x4 LONG 0x1ffff080 ADDR (.data)
                0x000000c8        0x4 LONG 0x44 SIZEOF (.data)
                0x000000cc                __data_section_table_end = .
                0x000000cc                __bss_section_table = .
                0x000000cc        0x4 LONG 0x1ffff0c8 ADDR (.bss)
                0x000000d0        0x4 LONG 0x154 SIZEOF (.bss)
                0x000000d4                __bss_section_table_end = .
                0x000000d4                __section_table_end = .
 *(.after_vectors*)
 .after_vectors.init_data
                0x000000d4       0x16 ./startup/startup_mkl25z4.o
                0x000000d4                data_init
 .after_vectors.init_bss
                0x000000ea       0x12 ./startup/startup_mkl25z4.o
                0x000000ea                bss_init
 .after_vectors.reset
                0x000000fc       0x4c ./startup/startup_mkl25z4.o
                0x000000fc                ResetISR
 .after_vectors
                0x00000148      0x10c ./startup/startup_mkl25z4.o
                0x00000148                NMI_Handler
                0x0000014a                HardFault_Handler
                0x0000014c                SVC_Handler
                0x0000014e                PendSV_Handler
                0x00000150                SysTick_Handler
                0x00000152                LPTMR0_DriverIRQHandler
                0x00000152                Reserved39_DriverIRQHandler
                0x00000152                I2C0_DriverIRQHandler
                0x00000152                SPI1_DriverIRQHandler
                0x00000152                DMA0_DriverIRQHandler
                0x00000152                PORTD_DriverIRQHandler
                0x00000152                DMA2_DriverIRQHandler
                0x00000152                CMP0_DriverIRQHandler
                0x00000152                TPM2_DriverIRQHandler
                0x00000152                ADC0_DriverIRQHandler
                0x00000152                SPI0_DriverIRQHandler
                0x00000152                TSI0_DriverIRQHandler
                0x00000152                RTC_Seconds_DriverIRQHandler
                0x00000152                I2C1_DriverIRQHandler
                0x00000152                DMA3_DriverIRQHandler
                0x00000152                LLWU_DriverIRQHandler
                0x00000152                MCG_DriverIRQHandler
                0x00000152                DMA1_DriverIRQHandler
                0x00000152                PIT_DriverIRQHandler
                0x00000152                RTC_DriverIRQHandler
                0x00000152                FTFA_DriverIRQHandler
                0x00000152                IntDefaultHandler
                0x00000152                USB0_DriverIRQHandler
                0x00000152                DAC0_DriverIRQHandler
                0x00000152                TPM1_DriverIRQHandler
                0x00000152                LVD_LVW_DriverIRQHandler
                0x00000152                TPM0_DriverIRQHandler
                0x00000152                PORTA_DriverIRQHandler
                0x00000152                Reserved20_DriverIRQHandler
                0x00000152                Reserved45_DriverIRQHandler
                0x00000154                DMA0_IRQHandler
                0x0000015c                DMA1_IRQHandler
                0x00000164                DMA2_IRQHandler
                0x0000016c                DMA3_IRQHandler
                0x00000174                Reserved20_IRQHandler
                0x0000017c                FTFA_IRQHandler
                0x00000184                LVD_LVW_IRQHandler
                0x0000018c                LLWU_IRQHandler
                0x00000194                I2C0_IRQHandler
                0x0000019c                I2C1_IRQHandler
                0x000001a4                SPI0_IRQHandler
                0x000001ac                SPI1_IRQHandler
                0x000001b4                UART0_IRQHandler
                0x000001bc                UART1_IRQHandler
                0x000001c4                UART2_IRQHandler
                0x000001cc                ADC0_IRQHandler
                0x000001d4                CMP0_IRQHandler
                0x000001dc                TPM0_IRQHandler
                0x000001e4                TPM1_IRQHandler
                0x000001ec                TPM2_IRQHandler
                0x000001f4                RTC_IRQHandler
                0x000001fc                RTC_Seconds_IRQHandler
                0x00000204                PIT_IRQHandler
                0x0000020c                Reserved39_IRQHandler
                0x00000214                USB0_IRQHandler
                0x0000021c                DAC0_IRQHandler
                0x00000224                TSI0_IRQHandler
                0x0000022c                MCG_IRQHandler
                0x00000234                LPTMR0_IRQHandler
                0x0000023c                Reserved45_IRQHandler
                0x00000244                PORTA_IRQHandler
                0x0000024c                PORTD_IRQHandler
                0x00000400                . = 0x400
 *fill*         0x00000254      0x1ac ff
                0x00000400                PROVIDE (__FLASH_CONFIG_START__, .)
 *(.FlashConfig)
 .FlashConfig   0x00000400       0x10 ./startup/startup_mkl25z4.o
                0x00000400                Flash_Config
                0x00000410                PROVIDE (__FLASH_CONFIG_END__, .)
                0x00000001                ASSERT (! ((__FLASH_CONFIG_START__ == __FLASH_CONFIG_END__)), Linker Flash Config Support Enabled, but no .FlashConfig section provided within application)
 *(.text*)
 .text.DbgConsole_Printf
                0x00000410       0x44 ./utilities/fsl_debug_console.o
                0x00000410                DbgConsole_Printf
 .text.DbgConsole_Putchar
                0x00000454       0x34 ./utilities/fsl_debug_console.o
                0x00000454                DbgConsole_Putchar
 .text.DbgConsole_PrintfPaddingCharacter
                0x00000488       0x46 ./utilities/fsl_debug_console.o
 .text.DbgConsole_ConvertRadixNumToString
                0x000004ce      0x114 ./utilities/fsl_debug_console.o
 .text.DbgConsole_PrintfFormattedData
                0x000005e2      0x332 ./utilities/fsl_debug_console.o
 .text.main     0x00000914      0x194 ./source/ADC_PWM.o
                0x00000914                main
 .text.buzzer_init
                0x00000aa8       0x40 ./source/ADC_PWM.o
                0x00000aa8                buzzer_init
 .text.motor_init
                0x00000ae8       0x40 ./source/ADC_PWM.o
                0x00000ae8                motor_init
 .text.servo_init
                0x00000b28       0x3c ./source/ADC_PWM.o
                0x00000b28                servo_init
 .text.light_init
                0x00000b64       0x18 ./source/ADC_PWM.o
                0x00000b64                light_init
 .text.dial_init
                0x00000b7c       0x18 ./source/ADC_PWM.o
                0x00000b7c                dial_init
 .text.adc_init
                0x00000b94       0x60 ./source/adc.o
                0x00000b94                adc_init
 .text.adc_convert
                0x00000bf4       0x28 ./source/adc.o
                0x00000bf4                adc_convert
 .text.adc_get  0x00000c1c       0x14 ./source/adc.o
                0x00000c1c                adc_get
 .text.readyConversion
                0x00000c30       0x40 ./source/adc.o
                0x00000c30                readyConversion
 .text.setModeSingleEnded
                0x00000c70       0x1c ./source/adc.o
                0x00000c70                setModeSingleEnded
 .text.enableClock
                0x00000c8c       0x24 ./source/adc.o
                0x00000c8c                enableClock
 .text.mapper_init
                0x00000cb0       0x80 ./source/mapper.o
                0x00000cb0                mapper_init
 .text.mapper_map
                0x00000d30       0x80 ./source/mapper.o
                0x00000d30                mapper_map
 .text.clipMappingAtOutputMin
                0x00000db0       0x3c ./source/mapper.o
                0x00000db0                clipMappingAtOutputMin
 .text.clipMappingAtOutputMax
                0x00000dec       0x3c ./source/mapper.o
                0x00000dec                clipMappingAtOutputMax
 .text.pwm_init
                0x00000e28       0x80 ./source/pwm.o
                0x00000e28                pwm_init
 .text.pwm_setMode
                0x00000ea8       0x20 ./source/pwm.o
                0x00000ea8                pwm_setMode
 .text.pwm_setPrescaler
                0x00000ec8       0x4c ./source/pwm.o
                0x00000ec8                pwm_setPrescaler
 .text.pwm_setFrequency
                0x00000f14       0x6c ./source/pwm.o
                0x00000f14                pwm_setFrequency
 .text.pwm_setDuty
                0x00000f80       0x42 ./source/pwm.o
                0x00000f80                pwm_setDuty
 .text.pwm_disableTimer
                0x00000fc2       0x18 ./source/pwm.o
                0x00000fc2                pwm_disableTimer
 .text.pwm_enableTimer
                0x00000fda       0x20 ./source/pwm.o
                0x00000fda                pwm_enableTimer
 *fill*         0x00000ffa        0x2 ff
 .text.setTimer
                0x00000ffc       0x48 ./source/pwm.o
                0x00000ffc                setTimer
 .text.pwm_enableClock
                0x00001044       0x68 ./source/pwm.o
                0x00001044                pwm_enableClock
 .text.enablePortA
                0x000010ac       0x24 ./source/pwm.o
                0x000010ac                enablePortA
 .text.rangePair_getRange
                0x000010d0       0x32 ./source/range_pair.o
                0x000010d0                rangePair_getRange
 *fill*         0x00001102        0x2 ff
 .text.CLOCK_SetEr32kClock
                0x00001104       0x30 ./drivers/fsl_clock.o
 .text.CLOCK_SetPllFllSelClock
                0x00001134       0x38 ./drivers/fsl_clock.o
 .text.OSC_SetExtRefClkConfig
                0x0000116c       0x48 ./drivers/fsl_clock.o
 .text.OSC_SetCapLoad
                0x000011b4       0x4c ./drivers/fsl_clock.o
 .text.CLOCK_GetOscRangeFromFreq
                0x00001200       0x4c ./drivers/fsl_clock.o
 .text.CLOCK_SetSimConfig
                0x0000124c       0x38 ./drivers/fsl_clock.o
                0x0000124c                CLOCK_SetSimConfig
 .text.CLOCK_SetExternalRefClkConfig
                0x00001284       0x16 ./drivers/fsl_clock.o
                0x00001284                CLOCK_SetExternalRefClkConfig
 *fill*         0x0000129a        0x2 ff
 .text.CLOCK_SetInternalRefClkConfig
                0x0000129c      0x128 ./drivers/fsl_clock.o
                0x0000129c                CLOCK_SetInternalRefClkConfig
 .text.CLOCK_EnablePll0
                0x000013c4       0x98 ./drivers/fsl_clock.o
                0x000013c4                CLOCK_EnablePll0
 .text.CLOCK_InitOsc0
                0x0000145c       0x98 ./drivers/fsl_clock.o
                0x0000145c                CLOCK_InitOsc0
 .text.CLOCK_SetPbeMode
                0x000014f4       0xb0 ./drivers/fsl_clock.o
                0x000014f4                CLOCK_SetPbeMode
 .text.CLOCK_BootToPeeMode
                0x000015a4       0x70 ./drivers/fsl_clock.o
                0x000015a4                CLOCK_BootToPeeMode
 .text.__assertion_failed
                0x00001614       0x1c ./drivers/fsl_common.o
                0x00001614                __assertion_failed
 .text.UART0_DriverIRQHandler
                0x00001630       0x24 ./drivers/fsl_lpsci.o
                0x00001630                UART0_DriverIRQHandler
 .text.UART1_DriverIRQHandler
                0x00001654       0x24 ./drivers/fsl_uart.o
                0x00001654                UART1_DriverIRQHandler
 .text.UART2_DriverIRQHandler
                0x00001678       0x24 ./drivers/fsl_uart.o
                0x00001678                UART2_DriverIRQHandler
 .text.CLOCK_SetSimSafeDivs
                0x0000169c       0x20 ./board/clock_config.o
 .text.CLOCK_SetXtal0Freq
                0x000016bc       0x1c ./board/clock_config.o
 .text.BOARD_InitBootClocks
                0x000016d8        0xe ./board/clock_config.o
                0x000016d8                BOARD_InitBootClocks
 *fill*         0x000016e6        0x2 ff
 .text.CLOCK_CONFIG_SetFllExtRefDiv
                0x000016e8       0x3c ./board/clock_config.o
 .text.BOARD_BootClockRUN
                0x00001724       0x64 ./board/clock_config.o
                0x00001724                BOARD_BootClockRUN
 .text.SystemInit
                0x00001788       0x18 ./CMSIS/system_MKL25Z4.o
                0x00001788                SystemInit
 .text.__main   0x000017a0        0xc c:/nxp/mcuxpressoide_10.1.1_606/ide/tools/bin/../lib/gcc/arm-none-eabi/6.3.1/../../../../arm-none-eabi/lib/thumb/v6-m\libcr_nohost_nf.a(_cr__main.o)
                0x000017a0                __main
 .text.memcpy   0x000017ac        0x8 c:/nxp/mcuxpressoide_10.1.1_606/ide/tools/bin/../lib/gcc/arm-none-eabi/6.3.1/../../../../arm-none-eabi/lib/thumb/v6-m\libcr_c.a(memcpy.o)
                0x000017ac                memcpy
 .text.memset   0x000017b4        0x8 c:/nxp/mcuxpressoide_10.1.1_606/ide/tools/bin/../lib/gcc/arm-none-eabi/6.3.1/../../../../arm-none-eabi/lib/thumb/v6-m\libcr_c.a(memset.o)
                0x000017b4                memset
 .text._initio  0x000017bc       0x7c c:/nxp/mcuxpressoide_10.1.1_606/ide/tools/bin/../lib/gcc/arm-none-eabi/6.3.1/../../../../arm-none-eabi/lib/thumb/v6-m\libcr_c.a(initio.o)
                0x000017bc                _initio
 .text.setvbuf  0x00001838       0x48 c:/nxp/mcuxpressoide_10.1.1_606/ide/tools/bin/../lib/gcc/arm-none-eabi/6.3.1/../../../../arm-none-eabi/lib/thumb/v6-m\libcr_c.a(setvbuf.o)
                0x00001838                setvbuf
 .text.strlen   0x00001880       0x58 c:/nxp/mcuxpressoide_10.1.1_606/ide/tools/bin/../lib/gcc/arm-none-eabi/6.3.1/../../../../arm-none-eabi/lib/thumb/v6-m\libcr_c.a(strlen.o)
                0x00001880                strlen
 .text._fdopen  0x000018d8       0x74 c:/nxp/mcuxpressoide_10.1.1_606/ide/tools/bin/../lib/gcc/arm-none-eabi/6.3.1/../../../../arm-none-eabi/lib/thumb/v6-m\libcr_c.a(_fdopen.o)
                0x000018d8                _fdopen
 .text.fclose   0x0000194c       0x5c c:/nxp/mcuxpressoide_10.1.1_606/ide/tools/bin/../lib/gcc/arm-none-eabi/6.3.1/../../../../arm-none-eabi/lib/thumb/v6-m\libcr_c.a(fclose.o)
                0x0000194c                fclose
 .text.fflush   0x000019a8       0x44 c:/nxp/mcuxpressoide_10.1.1_606/ide/tools/bin/../lib/gcc/arm-none-eabi/6.3.1/../../../../arm-none-eabi/lib/thumb/v6-m\libcr_c.a(fflush.o)
                0x000019a8                fflush
 .text.fseek    0x000019ec       0xf0 c:/nxp/mcuxpressoide_10.1.1_606/ide/tools/bin/../lib/gcc/arm-none-eabi/6.3.1/../../../../arm-none-eabi/lib/thumb/v6-m\libcr_c.a(fseek.o)
                0x000019ec                fseek
 .text.ftell    0x00001adc       0x48 c:/nxp/mcuxpressoide_10.1.1_606/ide/tools/bin/../lib/gcc/arm-none-eabi/6.3.1/../../../../arm-none-eabi/lib/thumb/v6-m\libcr_c.a(ftell.o)
                0x00001adc                ftell
 .text.remove   0x00001b24       0x12 c:/nxp/mcuxpressoide_10.1.1_606/ide/tools/bin/../lib/gcc/arm-none-eabi/6.3.1/../../../../arm-none-eabi/lib/thumb/v6-m\libcr_c.a(remove.o)
                0x00001b24                remove
 *fill*         0x00001b36        0x2 ff
 .text._do_fflush
                0x00001b38       0x44 c:/nxp/mcuxpressoide_10.1.1_606/ide/tools/bin/../lib/gcc/arm-none-eabi/6.3.1/../../../../arm-none-eabi/lib/thumb/v6-m\libcr_c.a(_do_fflush.o)
                0x00001b38                _do_fflush
 .text._fflush  0x00001b7c       0x5c c:/nxp/mcuxpressoide_10.1.1_606/ide/tools/bin/../lib/gcc/arm-none-eabi/6.3.1/../../../../arm-none-eabi/lib/thumb/v6-m\libcr_c.a(_fflush.o)
                0x00001b7c                _fflush
 .text._Cwritebuf
                0x00001bd8       0x68 c:/nxp/mcuxpressoide_10.1.1_606/ide/tools/bin/../lib/gcc/arm-none-eabi/6.3.1/../../../../arm-none-eabi/lib/thumb/v6-m\libcr_c.a(_writebuf.o)
                0x00001bd8                _Cwritebuf
 .text.free     0x00001c40       0x2c c:/nxp/mcuxpressoide_10.1.1_606/ide/tools/bin/../lib/gcc/arm-none-eabi/6.3.1/../../../../arm-none-eabi/lib/thumb/v6-m\libcr_c.a(alloc.o)
                0x00001c40                free
 .text._deferredlazyseek
                0x00001c6c       0x40 c:/nxp/mcuxpressoide_10.1.1_606/ide/tools/bin/../lib/gcc/arm-none-eabi/6.3.1/../../../../arm-none-eabi/lib/thumb/v6-m\libcr_c.a(_deferredlazyseek.o)
                0x00001c6c                _deferredlazyseek
 .text.__aeabi_division_idivmod
                0x00001cac       0x78 c:/nxp/mcuxpressoide_10.1.1_606/ide/tools/bin/../lib/gcc/arm-none-eabi/6.3.1/thumb/v6-m\libcr_eabihelpers.a(division_32.o)
                0x00001cac                __aeabi_idivmod
                0x00001cac                __aeabi_idiv
                0x00001cb2                __aeabi_uidivmod
                0x00001cb2                __aeabi_uidiv
 .text.__aeabi_division_idiv0
                0x00001d24        0x2 c:/nxp/mcuxpressoide_10.1.1_606/ide/tools/bin/../lib/gcc/arm-none-eabi/6.3.1/thumb/v6-m\libcr_eabihelpers.a(division_idiv0.o)
                0x00001d24                __aeabi_idiv0
 *fill*         0x00001d26        0x2 ff
 .text.__aeabi_dmul
                0x00001d28      0x180 c:/nxp/mcuxpressoide_10.1.1_606/ide/tools/bin/../lib/gcc/arm-none-eabi/6.3.1/thumb/v6-m\libcr_eabihelpers.a(double.o)
                0x00001d28                __aeabi_dmul
 .text.__aeabi_ddiv
                0x00001ea8      0x14c c:/nxp/mcuxpressoide_10.1.1_606/ide/tools/bin/../lib/gcc/arm-none-eabi/6.3.1/thumb/v6-m\libcr_eabihelpers.a(double.o)
                0x00001ea8                __aeabi_ddiv
 .text.__aeabi_dsub
                0x00001ff4      0x1e8 c:/nxp/mcuxpressoide_10.1.1_606/ide/tools/bin/../lib/gcc/arm-none-eabi/6.3.1/thumb/v6-m\libcr_eabihelpers.a(double.o)
                0x00001ff4                __aeabi_dsub
 .text.__aeabi_dadd
                0x000021dc      0x130 c:/nxp/mcuxpressoide_10.1.1_606/ide/tools/bin/../lib/gcc/arm-none-eabi/6.3.1/thumb/v6-m\libcr_eabihelpers.a(double.o)
                0x000021dc                __aeabi_dadd
 .text.__aeabi_d2f
                0x0000230c       0x60 c:/nxp/mcuxpressoide_10.1.1_606/ide/tools/bin/../lib/gcc/arm-none-eabi/6.3.1/thumb/v6-m\libcr_eabihelpers.a(double.o)
                0x0000230c                __aeabi_d2f
 .text.__aeabi_d2uiz
                0x0000236c       0x34 c:/nxp/mcuxpressoide_10.1.1_606/ide/tools/bin/../lib/gcc/arm-none-eabi/6.3.1/thumb/v6-m\libcr_eabihelpers.a(double.o)
                0x0000236c                __aeabi_d2uiz
 .text.__bhs_ui2d
                0x000023a0       0x5e c:/nxp/mcuxpressoide_10.1.1_606/ide/tools/bin/../lib/gcc/arm-none-eabi/6.3.1/thumb/v6-m\libcr_eabihelpers.a(double.o)
                0x000023a0                __bhs_ui2d
 .text.__aeabi_i2d
                0x000023fe       0x18 c:/nxp/mcuxpressoide_10.1.1_606/ide/tools/bin/../lib/gcc/arm-none-eabi/6.3.1/thumb/v6-m\libcr_eabihelpers.a(double.o)
                0x000023fe                __aeabi_i2d
 .text.__aeabi_ui2d
                0x00002416        0xc c:/nxp/mcuxpressoide_10.1.1_606/ide/tools/bin/../lib/gcc/arm-none-eabi/6.3.1/thumb/v6-m\libcr_eabihelpers.a(double.o)
                0x00002416                __aeabi_ui2d
 *fill*         0x00002422        0x2 ff
 .text.__aeabi_dcmplt
                0x00002424       0x5c c:/nxp/mcuxpressoide_10.1.1_606/ide/tools/bin/../lib/gcc/arm-none-eabi/6.3.1/thumb/v6-m\libcr_eabihelpers.a(double.o)
                0x00002424                __aeabi_dcmplt
 .text.__aeabi_dcmpgt
                0x00002480       0x5c c:/nxp/mcuxpressoide_10.1.1_606/ide/tools/bin/../lib/gcc/arm-none-eabi/6.3.1/thumb/v6-m\libcr_eabihelpers.a(double.o)
                0x00002480                __aeabi_dcmpgt
 .text.__aeabi_fmul
                0x000024dc       0xc4 c:/nxp/mcuxpressoide_10.1.1_606/ide/tools/bin/../lib/gcc/arm-none-eabi/6.3.1/thumb/v6-m\libcr_eabihelpers.a(float.o)
                0x000024dc                __aeabi_fmul
 .text.__aeabi_f2uiz
                0x000025a0       0x2a c:/nxp/mcuxpressoide_10.1.1_606/ide/tools/bin/../lib/gcc/arm-none-eabi/6.3.1/thumb/v6-m\libcr_eabihelpers.a(float.o)
                0x000025a0                __aeabi_f2uiz
 .text.__bhs_ui2f
                0x000025ca       0x62 c:/nxp/mcuxpressoide_10.1.1_606/ide/tools/bin/../lib/gcc/arm-none-eabi/6.3.1/thumb/v6-m\libcr_eabihelpers.a(float.o)
                0x000025ca                __bhs_ui2f
 .text.__aeabi_ui2f
                0x0000262c        0xc c:/nxp/mcuxpressoide_10.1.1_606/ide/tools/bin/../lib/gcc/arm-none-eabi/6.3.1/thumb/v6-m\libcr_eabihelpers.a(float.o)
                0x0000262c                __aeabi_ui2f
 .text.__aeabi_llong_lmul
                0x00002638       0x2e c:/nxp/mcuxpressoide_10.1.1_606/ide/tools/bin/../lib/gcc/arm-none-eabi/6.3.1/thumb/v6-m\libcr_eabihelpers.a(llong.o)
                0x00002638                __aeabi_lmul
 .text.__aeabi_memcpy
                0x00002666       0x2c c:/nxp/mcuxpressoide_10.1.1_606/ide/tools/bin/../lib/gcc/arm-none-eabi/6.3.1/thumb/v6-m\libcr_eabihelpers.a(memcpy.o)
                0x00002666                __aeabi_memcpy4
                0x00002666                __aeabi_memcpy8
                0x00002666                __aeabi_memcpy
 .text.__aeabi_memset_lowlevel
                0x00002692       0x2a c:/nxp/mcuxpressoide_10.1.1_606/ide/tools/bin/../lib/gcc/arm-none-eabi/6.3.1/thumb/v6-m\libcr_eabihelpers.a(memcpy.o)
                0x00002692                __aeabi_lowlevel_memset
 .text.__sys_close
                0x000026bc        0x6 c:/nxp/mcuxpressoide_10.1.1_606/ide/tools/bin/../lib/gcc/arm-none-eabi/6.3.1/../../../../arm-none-eabi/lib/thumb/v6-m\libcr_nohost_nf.a(__sys_close.o)
                0x000026bc                __sys_close
 .text.__sys_flen
                0x000026c2        0x6 c:/nxp/mcuxpressoide_10.1.1_606/ide/tools/bin/../lib/gcc/arm-none-eabi/6.3.1/../../../../arm-none-eabi/lib/thumb/v6-m\libcr_nohost_nf.a(__sys_flen.o)
                0x000026c2                __sys_flen
 .text.__sys_istty
                0x000026c8        0x6 c:/nxp/mcuxpressoide_10.1.1_606/ide/tools/bin/../lib/gcc/arm-none-eabi/6.3.1/../../../../arm-none-eabi/lib/thumb/v6-m\libcr_nohost_nf.a(__sys_istty.o)
                0x000026c8                __sys_istty
 .text.__sys_remove
                0x000026ce        0x6 c:/nxp/mcuxpressoide_10.1.1_606/ide/tools/bin/../lib/gcc/arm-none-eabi/6.3.1/../../../../arm-none-eabi/lib/thumb/v6-m\libcr_nohost_nf.a(__sys_remove.o)
                0x000026ce                __sys_remove
 .text.__sys_seek
                0x000026d4        0x6 c:/nxp/mcuxpressoide_10.1.1_606/ide/tools/bin/../lib/gcc/arm-none-eabi/6.3.1/../../../../arm-none-eabi/lib/thumb/v6-m\libcr_nohost_nf.a(__sys_seek.o)
                0x000026d4                __sys_seek
 .text.__sys_tmpnam
                0x000026da        0x6 c:/nxp/mcuxpressoide_10.1.1_606/ide/tools/bin/../lib/gcc/arm-none-eabi/6.3.1/../../../../arm-none-eabi/lib/thumb/v6-m\libcr_nohost_nf.a(__sys_tmpnam.o)
                0x000026da                __sys_tmpnam
 .text.__sys_write
                0x000026e0        0x4 c:/nxp/mcuxpressoide_10.1.1_606/ide/tools/bin/../lib/gcc/arm-none-eabi/6.3.1/../../../../arm-none-eabi/lib/thumb/v6-m\libcr_nohost_nf.a(__sys_write.o)
                0x000026e0                __sys_write
 *(.rodata .rodata.* .constdata .constdata.*)
 .rodata.adcPorts
                0x000026e4       0x70 ./source/adc.o
                0x000026e4                adcPorts
 .rodata.channels
                0x00002754        0xe ./source/adc.o
                0x00002754                channels
 *fill*         0x00002762        0x2 ff
 .rodata        0x00002764      0x11d ./drivers/fsl_clock.o
 *fill*         0x00002881        0x3 ff
 .rodata        0x00002884        0x4 ./drivers/fsl_common.o
 .rodata.mcgConfig_BOARD_BootClockRUN
                0x00002888        0xa ./board/clock_config.o
                0x00002888                mcgConfig_BOARD_BootClockRUN
 *fill*         0x00002892        0x2 ff
 .rodata.simConfig_BOARD_BootClockRUN
                0x00002894        0x8 ./board/clock_config.o
                0x00002894                simConfig_BOARD_BootClockRUN
 .rodata.oscConfig_BOARD_BootClockRUN
                0x0000289c        0x8 ./board/clock_config.o
                0x0000289c                oscConfig_BOARD_BootClockRUN
 .rodata._initio.str1.1
                0x000028a4        0x4 c:/nxp/mcuxpressoide_10.1.1_606/ide/tools/bin/../lib/gcc/arm-none-eabi/6.3.1/../../../../arm-none-eabi/lib/thumb/v6-m\libcr_c.a(initio.o)
 .rodata.__num_Ciob_streams
                0x000028a8        0x4 c:/nxp/mcuxpressoide_10.1.1_606/ide/tools/bin/../lib/gcc/arm-none-eabi/6.3.1/../../../../arm-none-eabi/lib/thumb/v6-m\libcr_nohost_nf.a(__ciob.o)
                0x000028a8                __num_Ciob_streams
                0x000028ac                . = ALIGN (0x4)

.glue_7         0x000028ac        0x0
 .glue_7        0x000028ac        0x0 linker stubs

.glue_7t        0x000028ac        0x0
 .glue_7t       0x000028ac        0x0 linker stubs

.vfp11_veneer   0x000028ac        0x0
 .vfp11_veneer  0x000028ac        0x0 linker stubs

.v4_bx          0x000028ac        0x0
 .v4_bx         0x000028ac        0x0 linker stubs

.iplt           0x000028ac        0x0
 .iplt          0x000028ac        0x0 ./utilities/fsl_debug_console.o

.rel.dyn        0x000028ac        0x0
 .rel.iplt      0x000028ac        0x0 ./utilities/fsl_debug_console.o

.ARM.extab
 *(.ARM.extab* .gnu.linkonce.armextab.*)
                0x000028ac                __exidx_start = .

.ARM.exidx
 *(.ARM.exidx* .gnu.linkonce.armexidx.*)
                0x000028ac                __exidx_end = .
                0x000028ac                _etext = .

.m_usb_data
 *(m_usb_bdt)

.mtb_buffer_default
                0x1ffff000       0x80
 *(.mtb*)
 .mtb.$RAM1     0x1ffff000       0x80 ./source/mtb.o
                0x1ffff000                __mtb_buffer__

.uninit_RESERVED
                0x1ffff080        0x0
 *(.bss.$RESERVED*)
                0x1ffff080                . = ALIGN (0x4)
                0x1ffff080                _end_uninit_RESERVED = .

.data           0x1ffff080       0x44 load address 0x000028ac
 FILL mask 0xff
                0x1ffff080                _data = .
 *(vtable)
 *(.ramfunc*)
 *(.data*)
 .data.dialRange
                0x1ffff080       0x10 ./source/ADC_PWM.o
                0x1ffff080                dialRange
 .data.servoDutyRange
                0x1ffff090       0x10 ./source/ADC_PWM.o
                0x1ffff090                servoDutyRange
 .data.motorDutyRange
                0x1ffff0a0       0x10 ./source/ADC_PWM.o
                0x1ffff0a0                motorDutyRange
 .data.buzzerFrequencyRange
                0x1ffff0b0       0x10 ./source/ADC_PWM.o
                0x1ffff0b0                buzzerFrequencyRange
 .data.SystemCoreClock
                0x1ffff0c0        0x4 ./CMSIS/system_MKL25Z4.o
                0x1ffff0c0                SystemCoreClock
                0x1ffff0c4                . = ALIGN (0x4)
                0x1ffff0c4                _edata = .

.igot.plt       0x1ffff0c4        0x0 load address 0x000028f0
 .igot.plt      0x1ffff0c4        0x0 ./utilities/fsl_debug_console.o

.bss            0x1ffff0c8      0x154 load address 0x000028f0
                0x1ffff0c8                _bss = .
 *(.bss*)
 .bss.s_debugConsole
                0x1ffff0c8       0x10 ./utilities/fsl_debug_console.o
 .bss.servo     0x1ffff0d8       0x10 ./source/ADC_PWM.o
                0x1ffff0d8                servo
 .bss.motor     0x1ffff0e8       0x10 ./source/ADC_PWM.o
                0x1ffff0e8                motor
 .bss.buzzer    0x1ffff0f8       0x10 ./source/ADC_PWM.o
                0x1ffff0f8                buzzer
 .bss.dial      0x1ffff108        0x1 ./source/ADC_PWM.o
                0x1ffff108                dial
 *fill*         0x1ffff109        0x3 
 .bss.light     0x1ffff10c        0x1 ./source/ADC_PWM.o
                0x1ffff10c                light
 *fill*         0x1ffff10d        0x3 
 .bss.mapper    0x1ffff110       0x28 ./source/ADC_PWM.o
                0x1ffff110                mapper
 .bss.mapping   0x1ffff138        0x8 ./source/mapper.o
 .bss.valueToMap
                0x1ffff140        0x8 ./source/mapper.o
 .bss.g_xtal0Freq
                0x1ffff148        0x4 ./drivers/fsl_clock.o
                0x1ffff148                g_xtal0Freq
 .bss.s_lpsciHandle
                0x1ffff14c        0x4 ./drivers/fsl_lpsci.o
 .bss.s_lpsciIsr
                0x1ffff150        0x4 ./drivers/fsl_lpsci.o
 .bss.s_uartHandle
                0x1ffff154        0xc ./drivers/fsl_uart.o
 .bss.s_uartIsr
                0x1ffff160        0x4 ./drivers/fsl_uart.o
 .bss.errno     0x1ffff164        0x4 c:/nxp/mcuxpressoide_10.1.1_606/ide/tools/bin/../lib/gcc/arm-none-eabi/6.3.1/../../../../arm-none-eabi/lib/thumb/v6-m\libcr_c.a(errno.o)
                0x1ffff164                errno
 .bss.__Ciob    0x1ffff168       0xb4 c:/nxp/mcuxpressoide_10.1.1_606/ide/tools/bin/../lib/gcc/arm-none-eabi/6.3.1/../../../../arm-none-eabi/lib/thumb/v6-m\libcr_nohost_nf.a(__ciob.o)
                0x1ffff168                __Ciob
 *(COMMON)
                0x1ffff21c                . = ALIGN (0x4)
                0x1ffff21c                _ebss = .
                [!provide]                PROVIDE (end, .)

.noinit         0x1ffff21c        0x0 load address 0x000028f0
                0x1ffff21c                _noinit = .
 *(.noinit*)
                0x1ffff21c                . = ALIGN (0x4)
                0x1ffff21c                _end_noinit = .
                0x00000400                _HeapSize = 0x400

.heap           0x1ffff21c      0x400 load address 0x000028f0
                0x1ffff21c                _pvHeapStart = .
                0x1ffff61c                . = (. + _HeapSize)
 *fill*         0x1ffff21c      0x400 
                0x1ffff61c                . = ALIGN (0x4)
                0x1ffff61c                _pvHeapLimit = .
                0x00000400                _StackSize = 0x400

.heap2stackfill
                0x1ffff61c      0x400 load address 0x000028f0
                0x1ffffa1c                . = (. + _StackSize)
 *fill*         0x1ffff61c      0x400 

.stack          0x20002c00        0x0
                0x20002c00                _vStackBase = .
                0x20002c00                . = ALIGN (0x4)
                0x20003000                _vStackTop = (. + _StackSize)
                0x00000000                _image_start = LOADADDR (.text)
                0x000028f0                _image_end = (LOADADDR (.data) + SIZEOF (.data))
                0x000028f0                _image_size = (_image_end - _image_start)
OUTPUT(ACD_PWM.axf elf32-littlearm)

.debug_info     0x00000000     0x7ef7
 .debug_info    0x00000000      0xde1 ./utilities/fsl_debug_console.o
 .debug_info    0x00000de1      0x4a2 ./startup/startup_mkl25z4.o
 .debug_info    0x00001283      0x9e4 ./source/ADC_PWM.o
 .debug_info    0x00001c67      0x612 ./source/adc.o
 .debug_info    0x00002279      0x2e3 ./source/mapper.o
 .debug_info    0x0000255c       0x51 ./source/mtb.o
 .debug_info    0x000025ad      0x61e ./source/pwm.o
 .debug_info    0x00002bcb       0x7a ./source/range_pair.o
 .debug_info    0x00002c45     0x1953 ./drivers/fsl_clock.o
 .debug_info    0x00004598      0x428 ./drivers/fsl_common.o
 .debug_info    0x000049c0     0x1389 ./drivers/fsl_lpsci.o
 .debug_info    0x00005d49     0x1333 ./drivers/fsl_uart.o
 .debug_info    0x0000707c      0xa76 ./board/clock_config.o
 .debug_info    0x00007af2      0x405 ./CMSIS/system_MKL25Z4.o

.debug_abbrev   0x00000000     0x194b
 .debug_abbrev  0x00000000      0x292 ./utilities/fsl_debug_console.o
 .debug_abbrev  0x00000292      0x16d ./startup/startup_mkl25z4.o
 .debug_abbrev  0x000003ff      0x1bb ./source/ADC_PWM.o
 .debug_abbrev  0x000005ba      0x1d3 ./source/adc.o
 .debug_abbrev  0x0000078d      0x11c ./source/mapper.o
 .debug_abbrev  0x000008a9       0x41 ./source/mtb.o
 .debug_abbrev  0x000008ea      0x1b5 ./source/pwm.o
 .debug_abbrev  0x00000a9f       0x69 ./source/range_pair.o
 .debug_abbrev  0x00000b08      0x325 ./drivers/fsl_clock.o
 .debug_abbrev  0x00000e2d      0x248 ./drivers/fsl_common.o
 .debug_abbrev  0x00001075      0x2c9 ./drivers/fsl_lpsci.o
 .debug_abbrev  0x0000133e      0x2e1 ./drivers/fsl_uart.o
 .debug_abbrev  0x0000161f      0x1f0 ./board/clock_config.o
 .debug_abbrev  0x0000180f      0x13c ./CMSIS/system_MKL25Z4.o

.debug_aranges  0x00000000      0x830
 .debug_aranges
                0x00000000       0x90 ./utilities/fsl_debug_console.o
 .debug_aranges
                0x00000090      0x160 ./startup/startup_mkl25z4.o
 .debug_aranges
                0x000001f0       0x48 ./source/ADC_PWM.o
 .debug_aranges
                0x00000238       0x48 ./source/adc.o
 .debug_aranges
                0x00000280       0x38 ./source/mapper.o
 .debug_aranges
                0x000002b8       0x18 ./source/mtb.o
 .debug_aranges
                0x000002d0       0x68 ./source/pwm.o
 .debug_aranges
                0x00000338       0x20 ./source/range_pair.o
 .debug_aranges
                0x00000358      0x1d8 ./drivers/fsl_clock.o
 .debug_aranges
                0x00000530       0x38 ./drivers/fsl_common.o
 .debug_aranges
                0x00000568      0x118 ./drivers/fsl_lpsci.o
 .debug_aranges
                0x00000680      0x130 ./drivers/fsl_uart.o
 .debug_aranges
                0x000007b0       0x58 ./board/clock_config.o
 .debug_aranges
                0x00000808       0x28 ./CMSIS/system_MKL25Z4.o

.debug_ranges   0x00000000      0x748
 .debug_ranges  0x00000000       0x80 ./utilities/fsl_debug_console.o
 .debug_ranges  0x00000080      0x150 ./startup/startup_mkl25z4.o
 .debug_ranges  0x000001d0       0x38 ./source/ADC_PWM.o
 .debug_ranges  0x00000208       0x38 ./source/adc.o
 .debug_ranges  0x00000240       0x28 ./source/mapper.o
 .debug_ranges  0x00000268       0x58 ./source/pwm.o
 .debug_ranges  0x000002c0       0x10 ./source/range_pair.o
 .debug_ranges  0x000002d0      0x1c8 ./drivers/fsl_clock.o
 .debug_ranges  0x00000498       0x28 ./drivers/fsl_common.o
 .debug_ranges  0x000004c0      0x108 ./drivers/fsl_lpsci.o
 .debug_ranges  0x000005c8      0x120 ./drivers/fsl_uart.o
 .debug_ranges  0x000006e8       0x48 ./board/clock_config.o
 .debug_ranges  0x00000730       0x18 ./CMSIS/system_MKL25Z4.o

.debug_macro    0x00000000     0x895c
 .debug_macro   0x00000000      0x127 ./utilities/fsl_debug_console.o
 .debug_macro   0x00000127      0x8da ./utilities/fsl_debug_console.o
 .debug_macro   0x00000a01       0x10 ./utilities/fsl_debug_console.o
 .debug_macro   0x00000a11       0x16 ./utilities/fsl_debug_console.o
 .debug_macro   0x00000a27       0x10 ./utilities/fsl_debug_console.o
 .debug_macro   0x00000a37      0x12d ./utilities/fsl_debug_console.o
 .debug_macro   0x00000b64       0x28 ./utilities/fsl_debug_console.o
 .debug_macro   0x00000b8c       0xc4 ./utilities/fsl_debug_console.o
 .debug_macro   0x00000c50       0x16 ./utilities/fsl_debug_console.o
 .debug_macro   0x00000c66       0x22 ./utilities/fsl_debug_console.o
 .debug_macro   0x00000c88      0x5b2 ./utilities/fsl_debug_console.o
 .debug_macro   0x0000123a       0x10 ./utilities/fsl_debug_console.o
 .debug_macro   0x0000124a       0x3f ./utilities/fsl_debug_console.o
 .debug_macro   0x00001289       0x3a ./utilities/fsl_debug_console.o
 .debug_macro   0x000012c3       0x26 ./utilities/fsl_debug_console.o
 .debug_macro   0x000012e9      0x329 ./utilities/fsl_debug_console.o
 .debug_macro   0x00001612       0x30 ./utilities/fsl_debug_console.o
 .debug_macro   0x00001642     0x51e2 ./utilities/fsl_debug_console.o
 .debug_macro   0x00006824     0x1352 ./utilities/fsl_debug_console.o
 .debug_macro   0x00007b76       0x3a ./utilities/fsl_debug_console.o
 .debug_macro   0x00007bb0       0xf4 ./utilities/fsl_debug_console.o
 .debug_macro   0x00007ca4       0x35 ./utilities/fsl_debug_console.o
 .debug_macro   0x00007cd9       0x2e ./utilities/fsl_debug_console.o
 .debug_macro   0x00007d07       0x10 ./utilities/fsl_debug_console.o
 .debug_macro   0x00007d17       0x10 ./utilities/fsl_debug_console.o
 .debug_macro   0x00007d27       0x29 ./startup/startup_mkl25z4.o
 .debug_macro   0x00007d50      0x13b ./source/ADC_PWM.o
 .debug_macro   0x00007e8b       0x34 ./source/ADC_PWM.o
 .debug_macro   0x00007ebf       0x16 ./source/ADC_PWM.o
 .debug_macro   0x00007ed5       0x10 ./source/ADC_PWM.o
 .debug_macro   0x00007ee5      0x112 ./source/ADC_PWM.o
 .debug_macro   0x00007ff7       0x8c ./source/adc.o
 .debug_macro   0x00008083       0x63 ./source/mapper.o
 .debug_macro   0x000080e6       0xd8 ./source/mapper.o
 .debug_macro   0x000081be       0x2f ./source/mtb.o
 .debug_macro   0x000081ed       0x82 ./source/mtb.o
 .debug_macro   0x0000826f       0x10 ./source/mtb.o
 .debug_macro   0x0000827f       0x8c ./source/pwm.o
 .debug_macro   0x0000830b       0x1b ./source/range_pair.o
 .debug_macro   0x00008326      0x196 ./drivers/fsl_clock.o
 .debug_macro   0x000084bc       0x1c ./drivers/fsl_clock.o
 .debug_macro   0x000084d8       0xef ./drivers/fsl_common.o
 .debug_macro   0x000085c7       0xec ./drivers/fsl_lpsci.o
 .debug_macro   0x000086b3       0xf2 ./drivers/fsl_uart.o
 .debug_macro   0x000087a5      0x123 ./board/clock_config.o
 .debug_macro   0x000088c8       0x94 ./CMSIS/system_MKL25Z4.o

.debug_line     0x00000000     0x319e
 .debug_line    0x00000000      0x6d7 ./utilities/fsl_debug_console.o
 .debug_line    0x000006d7      0x128 ./startup/startup_mkl25z4.o
 .debug_line    0x000007ff      0x347 ./source/ADC_PWM.o
 .debug_line    0x00000b46      0x1f0 ./source/adc.o
 .debug_line    0x00000d36      0x16a ./source/mapper.o
 .debug_line    0x00000ea0       0x95 ./source/mtb.o
 .debug_line    0x00000f35      0x253 ./source/pwm.o
 .debug_line    0x00001188       0x56 ./source/range_pair.o
 .debug_line    0x000011de      0x987 ./drivers/fsl_clock.o
 .debug_line    0x00001b65      0x2f3 ./drivers/fsl_common.o
 .debug_line    0x00001e58      0x73a ./drivers/fsl_lpsci.o
 .debug_line    0x00002592      0x73d ./drivers/fsl_uart.o
 .debug_line    0x00002ccf      0x2e7 ./board/clock_config.o
 .debug_line    0x00002fb6      0x1e8 ./CMSIS/system_MKL25Z4.o

.debug_str      0x00000000    0x35765
 .debug_str     0x00000000    0x30c54 ./utilities/fsl_debug_console.o
                              0x30f20 (size before relaxing)
 .debug_str     0x00030c54      0x3e1 ./startup/startup_mkl25z4.o
                               0x298c (size before relaxing)
 .debug_str     0x00031035      0xf74 ./source/ADC_PWM.o
                              0x310a8 (size before relaxing)
 .debug_str     0x00031fa9       0xd4 ./source/adc.o
                              0x286c5 (size before relaxing)
 .debug_str     0x0003207d      0x3be ./source/mapper.o
                               0x4070 (size before relaxing)
 .debug_str     0x0003243b      0x532 ./source/mtb.o
                               0x2a8b (size before relaxing)
 .debug_str     0x0003296d       0xd2 ./source/pwm.o
                              0x28718 (size before relaxing)
 .debug_str     0x00032a3f       0x2f ./source/range_pair.o
                               0x2599 (size before relaxing)
 .debug_str     0x00032a6e     0x14d2 ./drivers/fsl_clock.o
                              0x31a93 (size before relaxing)
 .debug_str     0x00033f40      0x2d6 ./drivers/fsl_common.o
                              0x3007a (size before relaxing)
 .debug_str     0x00034216      0x9ce ./drivers/fsl_lpsci.o
                              0x3109b (size before relaxing)
 .debug_str     0x00034be4      0x832 ./drivers/fsl_uart.o
                              0x310be (size before relaxing)
 .debug_str     0x00035416      0x300 ./board/clock_config.o
                              0x309c1 (size before relaxing)
 .debug_str     0x00035716       0x4f ./CMSIS/system_MKL25Z4.o
                              0x2f3fd (size before relaxing)

.comment        0x00000000       0x7f
 .comment       0x00000000       0x7f ./utilities/fsl_debug_console.o
                                 0x80 (size before relaxing)
 .comment       0x0000007f       0x80 ./startup/startup_mkl25z4.o
 .comment       0x0000007f       0x80 ./source/ADC_PWM.o
 .comment       0x0000007f       0x80 ./source/adc.o
 .comment       0x0000007f       0x80 ./source/mapper.o
 .comment       0x0000007f       0x80 ./source/mtb.o
 .comment       0x0000007f       0x80 ./source/pwm.o
 .comment       0x0000007f       0x80 ./source/range_pair.o
 .comment       0x0000007f       0x80 ./drivers/fsl_clock.o
 .comment       0x0000007f       0x80 ./drivers/fsl_common.o
 .comment       0x0000007f       0x80 ./drivers/fsl_lpsci.o
 .comment       0x0000007f       0x80 ./drivers/fsl_uart.o
 .comment       0x0000007f       0x80 ./board/clock_config.o
 .comment       0x0000007f       0x80 ./CMSIS/system_MKL25Z4.o
 .comment       0x0000007f       0x80 c:/nxp/mcuxpressoide_10.1.1_606/ide/tools/bin/../lib/gcc/arm-none-eabi/6.3.1/../../../../arm-none-eabi/lib/thumb/v6-m\libcr_nohost_nf.a(_cr__main.o)
 .comment       0x0000007f       0x80 c:/nxp/mcuxpressoide_10.1.1_606/ide/tools/bin/../lib/gcc/arm-none-eabi/6.3.1/../../../../arm-none-eabi/lib/thumb/v6-m\libcr_c.a(memcpy.o)
 .comment       0x0000007f       0x80 c:/nxp/mcuxpressoide_10.1.1_606/ide/tools/bin/../lib/gcc/arm-none-eabi/6.3.1/../../../../arm-none-eabi/lib/thumb/v6-m\libcr_c.a(memset.o)
 .comment       0x0000007f       0x80 c:/nxp/mcuxpressoide_10.1.1_606/ide/tools/bin/../lib/gcc/arm-none-eabi/6.3.1/../../../../arm-none-eabi/lib/thumb/v6-m\libcr_c.a(initio.o)
 .comment       0x0000007f       0x80 c:/nxp/mcuxpressoide_10.1.1_606/ide/tools/bin/../lib/gcc/arm-none-eabi/6.3.1/../../../../arm-none-eabi/lib/thumb/v6-m\libcr_c.a(setvbuf.o)
 .comment       0x0000007f       0x80 c:/nxp/mcuxpressoide_10.1.1_606/ide/tools/bin/../lib/gcc/arm-none-eabi/6.3.1/../../../../arm-none-eabi/lib/thumb/v6-m\libcr_c.a(strlen.o)
 .comment       0x0000007f       0x80 c:/nxp/mcuxpressoide_10.1.1_606/ide/tools/bin/../lib/gcc/arm-none-eabi/6.3.1/../../../../arm-none-eabi/lib/thumb/v6-m\libcr_c.a(_fdopen.o)
 .comment       0x0000007f       0x80 c:/nxp/mcuxpressoide_10.1.1_606/ide/tools/bin/../lib/gcc/arm-none-eabi/6.3.1/../../../../arm-none-eabi/lib/thumb/v6-m\libcr_c.a(fclose.o)
 .comment       0x0000007f       0x80 c:/nxp/mcuxpressoide_10.1.1_606/ide/tools/bin/../lib/gcc/arm-none-eabi/6.3.1/../../../../arm-none-eabi/lib/thumb/v6-m\libcr_c.a(fflush.o)
 .comment       0x0000007f       0x80 c:/nxp/mcuxpressoide_10.1.1_606/ide/tools/bin/../lib/gcc/arm-none-eabi/6.3.1/../../../../arm-none-eabi/lib/thumb/v6-m\libcr_c.a(fseek.o)
 .comment       0x0000007f       0x80 c:/nxp/mcuxpressoide_10.1.1_606/ide/tools/bin/../lib/gcc/arm-none-eabi/6.3.1/../../../../arm-none-eabi/lib/thumb/v6-m\libcr_c.a(ftell.o)
 .comment       0x0000007f       0x80 c:/nxp/mcuxpressoide_10.1.1_606/ide/tools/bin/../lib/gcc/arm-none-eabi/6.3.1/../../../../arm-none-eabi/lib/thumb/v6-m\libcr_c.a(remove.o)
 .comment       0x0000007f       0x80 c:/nxp/mcuxpressoide_10.1.1_606/ide/tools/bin/../lib/gcc/arm-none-eabi/6.3.1/../../../../arm-none-eabi/lib/thumb/v6-m\libcr_c.a(_do_fflush.o)
 .comment       0x0000007f       0x80 c:/nxp/mcuxpressoide_10.1.1_606/ide/tools/bin/../lib/gcc/arm-none-eabi/6.3.1/../../../../arm-none-eabi/lib/thumb/v6-m\libcr_c.a(_fflush.o)
 .comment       0x0000007f       0x80 c:/nxp/mcuxpressoide_10.1.1_606/ide/tools/bin/../lib/gcc/arm-none-eabi/6.3.1/../../../../arm-none-eabi/lib/thumb/v6-m\libcr_c.a(_writebuf.o)
 .comment       0x0000007f       0x80 c:/nxp/mcuxpressoide_10.1.1_606/ide/tools/bin/../lib/gcc/arm-none-eabi/6.3.1/../../../../arm-none-eabi/lib/thumb/v6-m\libcr_c.a(alloc.o)
 .comment       0x0000007f       0x80 c:/nxp/mcuxpressoide_10.1.1_606/ide/tools/bin/../lib/gcc/arm-none-eabi/6.3.1/../../../../arm-none-eabi/lib/thumb/v6-m\libcr_c.a(errno.o)
 .comment       0x0000007f       0x80 c:/nxp/mcuxpressoide_10.1.1_606/ide/tools/bin/../lib/gcc/arm-none-eabi/6.3.1/../../../../arm-none-eabi/lib/thumb/v6-m\libcr_c.a(_deferredlazyseek.o)
 .comment       0x0000007f       0x80 c:/nxp/mcuxpressoide_10.1.1_606/ide/tools/bin/../lib/gcc/arm-none-eabi/6.3.1/thumb/v6-m\libcr_eabihelpers.a(double.o)
 .comment       0x0000007f       0x80 c:/nxp/mcuxpressoide_10.1.1_606/ide/tools/bin/../lib/gcc/arm-none-eabi/6.3.1/thumb/v6-m\libcr_eabihelpers.a(float.o)
 .comment       0x0000007f       0x80 c:/nxp/mcuxpressoide_10.1.1_606/ide/tools/bin/../lib/gcc/arm-none-eabi/6.3.1/../../../../arm-none-eabi/lib/thumb/v6-m\libcr_nohost_nf.a(__ciob.o)
 .comment       0x0000007f       0x80 c:/nxp/mcuxpressoide_10.1.1_606/ide/tools/bin/../lib/gcc/arm-none-eabi/6.3.1/../../../../arm-none-eabi/lib/thumb/v6-m\libcr_nohost_nf.a(__sys_close.o)
 .comment       0x0000007f       0x80 c:/nxp/mcuxpressoide_10.1.1_606/ide/tools/bin/../lib/gcc/arm-none-eabi/6.3.1/../../../../arm-none-eabi/lib/thumb/v6-m\libcr_nohost_nf.a(__sys_flen.o)
 .comment       0x0000007f       0x80 c:/nxp/mcuxpressoide_10.1.1_606/ide/tools/bin/../lib/gcc/arm-none-eabi/6.3.1/../../../../arm-none-eabi/lib/thumb/v6-m\libcr_nohost_nf.a(__sys_istty.o)
 .comment       0x0000007f       0x80 c:/nxp/mcuxpressoide_10.1.1_606/ide/tools/bin/../lib/gcc/arm-none-eabi/6.3.1/../../../../arm-none-eabi/lib/thumb/v6-m\libcr_nohost_nf.a(__sys_remove.o)
 .comment       0x0000007f       0x80 c:/nxp/mcuxpressoide_10.1.1_606/ide/tools/bin/../lib/gcc/arm-none-eabi/6.3.1/../../../../arm-none-eabi/lib/thumb/v6-m\libcr_nohost_nf.a(__sys_seek.o)
 .comment       0x0000007f       0x80 c:/nxp/mcuxpressoide_10.1.1_606/ide/tools/bin/../lib/gcc/arm-none-eabi/6.3.1/../../../../arm-none-eabi/lib/thumb/v6-m\libcr_nohost_nf.a(__sys_tmpnam.o)
 .comment       0x0000007f       0x80 c:/nxp/mcuxpressoide_10.1.1_606/ide/tools/bin/../lib/gcc/arm-none-eabi/6.3.1/../../../../arm-none-eabi/lib/thumb/v6-m\libcr_nohost_nf.a(__sys_write.o)

.ARM.attributes
                0x00000000       0x30
 .ARM.attributes
                0x00000000       0x32 ./utilities/fsl_debug_console.o
 .ARM.attributes
                0x00000032       0x32 ./startup/startup_mkl25z4.o
 .ARM.attributes
                0x00000064       0x32 ./source/ADC_PWM.o
 .ARM.attributes
                0x00000096       0x32 ./source/adc.o
 .ARM.attributes
                0x000000c8       0x32 ./source/mapper.o
 .ARM.attributes
                0x000000fa       0x32 ./source/mtb.o
 .ARM.attributes
                0x0000012c       0x32 ./source/pwm.o
 .ARM.attributes
                0x0000015e       0x32 ./source/range_pair.o
 .ARM.attributes
                0x00000190       0x32 ./drivers/fsl_clock.o
 .ARM.attributes
                0x000001c2       0x32 ./drivers/fsl_common.o
 .ARM.attributes
                0x000001f4       0x32 ./drivers/fsl_lpsci.o
 .ARM.attributes
                0x00000226       0x32 ./drivers/fsl_uart.o
 .ARM.attributes
                0x00000258       0x32 ./board/clock_config.o
 .ARM.attributes
                0x0000028a       0x32 ./CMSIS/system_MKL25Z4.o
 .ARM.attributes
                0x000002bc       0x31 c:/nxp/mcuxpressoide_10.1.1_606/ide/tools/bin/../lib/gcc/arm-none-eabi/6.3.1/../../../../arm-none-eabi/lib/thumb/v6-m\libcr_nohost_nf.a(_cr__main.o)
 .ARM.attributes
                0x000002ed       0x31 c:/nxp/mcuxpressoide_10.1.1_606/ide/tools/bin/../lib/gcc/arm-none-eabi/6.3.1/../../../../arm-none-eabi/lib/thumb/v6-m\libcr_c.a(memcpy.o)
 .ARM.attributes
                0x0000031e       0x31 c:/nxp/mcuxpressoide_10.1.1_606/ide/tools/bin/../lib/gcc/arm-none-eabi/6.3.1/../../../../arm-none-eabi/lib/thumb/v6-m\libcr_c.a(memset.o)
 .ARM.attributes
                0x0000034f       0x31 c:/nxp/mcuxpressoide_10.1.1_606/ide/tools/bin/../lib/gcc/arm-none-eabi/6.3.1/../../../../arm-none-eabi/lib/thumb/v6-m\libcr_c.a(initio.o)
 .ARM.attributes
                0x00000380       0x31 c:/nxp/mcuxpressoide_10.1.1_606/ide/tools/bin/../lib/gcc/arm-none-eabi/6.3.1/../../../../arm-none-eabi/lib/thumb/v6-m\libcr_c.a(setvbuf.o)
 .ARM.attributes
                0x000003b1       0x31 c:/nxp/mcuxpressoide_10.1.1_606/ide/tools/bin/../lib/gcc/arm-none-eabi/6.3.1/../../../../arm-none-eabi/lib/thumb/v6-m\libcr_c.a(strlen.o)
 .ARM.attributes
                0x000003e2       0x31 c:/nxp/mcuxpressoide_10.1.1_606/ide/tools/bin/../lib/gcc/arm-none-eabi/6.3.1/../../../../arm-none-eabi/lib/thumb/v6-m\libcr_c.a(_fdopen.o)
 .ARM.attributes
                0x00000413       0x31 c:/nxp/mcuxpressoide_10.1.1_606/ide/tools/bin/../lib/gcc/arm-none-eabi/6.3.1/../../../../arm-none-eabi/lib/thumb/v6-m\libcr_c.a(fclose.o)
 .ARM.attributes
                0x00000444       0x31 c:/nxp/mcuxpressoide_10.1.1_606/ide/tools/bin/../lib/gcc/arm-none-eabi/6.3.1/../../../../arm-none-eabi/lib/thumb/v6-m\libcr_c.a(fflush.o)
 .ARM.attributes
                0x00000475       0x31 c:/nxp/mcuxpressoide_10.1.1_606/ide/tools/bin/../lib/gcc/arm-none-eabi/6.3.1/../../../../arm-none-eabi/lib/thumb/v6-m\libcr_c.a(fseek.o)
 .ARM.attributes
                0x000004a6       0x31 c:/nxp/mcuxpressoide_10.1.1_606/ide/tools/bin/../lib/gcc/arm-none-eabi/6.3.1/../../../../arm-none-eabi/lib/thumb/v6-m\libcr_c.a(ftell.o)
 .ARM.attributes
                0x000004d7       0x31 c:/nxp/mcuxpressoide_10.1.1_606/ide/tools/bin/../lib/gcc/arm-none-eabi/6.3.1/../../../../arm-none-eabi/lib/thumb/v6-m\libcr_c.a(remove.o)
 .ARM.attributes
                0x00000508       0x31 c:/nxp/mcuxpressoide_10.1.1_606/ide/tools/bin/../lib/gcc/arm-none-eabi/6.3.1/../../../../arm-none-eabi/lib/thumb/v6-m\libcr_c.a(_do_fflush.o)
 .ARM.attributes
                0x00000539       0x31 c:/nxp/mcuxpressoide_10.1.1_606/ide/tools/bin/../lib/gcc/arm-none-eabi/6.3.1/../../../../arm-none-eabi/lib/thumb/v6-m\libcr_c.a(_fflush.o)
 .ARM.attributes
                0x0000056a       0x31 c:/nxp/mcuxpressoide_10.1.1_606/ide/tools/bin/../lib/gcc/arm-none-eabi/6.3.1/../../../../arm-none-eabi/lib/thumb/v6-m\libcr_c.a(_writebuf.o)
 .ARM.attributes
                0x0000059b       0x31 c:/nxp/mcuxpressoide_10.1.1_606/ide/tools/bin/../lib/gcc/arm-none-eabi/6.3.1/../../../../arm-none-eabi/lib/thumb/v6-m\libcr_c.a(alloc.o)
 .ARM.attributes
                0x000005cc       0x31 c:/nxp/mcuxpressoide_10.1.1_606/ide/tools/bin/../lib/gcc/arm-none-eabi/6.3.1/../../../../arm-none-eabi/lib/thumb/v6-m\libcr_c.a(errno.o)
 .ARM.attributes
                0x000005fd       0x31 c:/nxp/mcuxpressoide_10.1.1_606/ide/tools/bin/../lib/gcc/arm-none-eabi/6.3.1/../../../../arm-none-eabi/lib/thumb/v6-m\libcr_c.a(_deferredlazyseek.o)
 .ARM.attributes
                0x0000062e       0x21 c:/nxp/mcuxpressoide_10.1.1_606/ide/tools/bin/../lib/gcc/arm-none-eabi/6.3.1/thumb/v6-m\libcr_eabihelpers.a(division_32.o)
 .ARM.attributes
                0x0000064f       0x21 c:/nxp/mcuxpressoide_10.1.1_606/ide/tools/bin/../lib/gcc/arm-none-eabi/6.3.1/thumb/v6-m\libcr_eabihelpers.a(division_idiv0.o)
 .ARM.attributes
                0x00000670       0x31 c:/nxp/mcuxpressoide_10.1.1_606/ide/tools/bin/../lib/gcc/arm-none-eabi/6.3.1/thumb/v6-m\libcr_eabihelpers.a(double.o)
 .ARM.attributes
                0x000006a1       0x31 c:/nxp/mcuxpressoide_10.1.1_606/ide/tools/bin/../lib/gcc/arm-none-eabi/6.3.1/thumb/v6-m\libcr_eabihelpers.a(float.o)
 .ARM.attributes
                0x000006d2       0x21 c:/nxp/mcuxpressoide_10.1.1_606/ide/tools/bin/../lib/gcc/arm-none-eabi/6.3.1/thumb/v6-m\libcr_eabihelpers.a(llong.o)
 .ARM.attributes
                0x000006f3       0x21 c:/nxp/mcuxpressoide_10.1.1_606/ide/tools/bin/../lib/gcc/arm-none-eabi/6.3.1/thumb/v6-m\libcr_eabihelpers.a(memcpy.o)
 .ARM.attributes
                0x00000714       0x31 c:/nxp/mcuxpressoide_10.1.1_606/ide/tools/bin/../lib/gcc/arm-none-eabi/6.3.1/../../../../arm-none-eabi/lib/thumb/v6-m\libcr_nohost_nf.a(__ciob.o)
 .ARM.attributes
                0x00000745       0x31 c:/nxp/mcuxpressoide_10.1.1_606/ide/tools/bin/../lib/gcc/arm-none-eabi/6.3.1/../../../../arm-none-eabi/lib/thumb/v6-m\libcr_nohost_nf.a(__sys_close.o)
 .ARM.attributes
                0x00000776       0x31 c:/nxp/mcuxpressoide_10.1.1_606/ide/tools/bin/../lib/gcc/arm-none-eabi/6.3.1/../../../../arm-none-eabi/lib/thumb/v6-m\libcr_nohost_nf.a(__sys_flen.o)
 .ARM.attributes
                0x000007a7       0x31 c:/nxp/mcuxpressoide_10.1.1_606/ide/tools/bin/../lib/gcc/arm-none-eabi/6.3.1/../../../../arm-none-eabi/lib/thumb/v6-m\libcr_nohost_nf.a(__sys_istty.o)
 .ARM.attributes
                0x000007d8       0x31 c:/nxp/mcuxpressoide_10.1.1_606/ide/tools/bin/../lib/gcc/arm-none-eabi/6.3.1/../../../../arm-none-eabi/lib/thumb/v6-m\libcr_nohost_nf.a(__sys_remove.o)
 .ARM.attributes
                0x00000809       0x31 c:/nxp/mcuxpressoide_10.1.1_606/ide/tools/bin/../lib/gcc/arm-none-eabi/6.3.1/../../../../arm-none-eabi/lib/thumb/v6-m\libcr_nohost_nf.a(__sys_seek.o)
 .ARM.attributes
                0x0000083a       0x31 c:/nxp/mcuxpressoide_10.1.1_606/ide/tools/bin/../lib/gcc/arm-none-eabi/6.3.1/../../../../arm-none-eabi/lib/thumb/v6-m\libcr_nohost_nf.a(__sys_tmpnam.o)
 .ARM.attributes
                0x0000086b       0x31 c:/nxp/mcuxpressoide_10.1.1_606/ide/tools/bin/../lib/gcc/arm-none-eabi/6.3.1/../../../../arm-none-eabi/lib/thumb/v6-m\libcr_nohost_nf.a(__sys_write.o)

.debug_frame    0x00000000     0x1a64
 .debug_frame   0x00000000      0x1ec ./utilities/fsl_debug_console.o
 .debug_frame   0x000001ec      0x3b0 ./startup/startup_mkl25z4.o
 .debug_frame   0x0000059c       0xc0 ./source/ADC_PWM.o
 .debug_frame   0x0000065c       0xc4 ./source/adc.o
 .debug_frame   0x00000720       0x98 ./source/mapper.o
 .debug_frame   0x000007b8      0x150 ./source/pwm.o
 .debug_frame   0x00000908       0x30 ./source/range_pair.o
 .debug_frame   0x00000938      0x6dc ./drivers/fsl_clock.o
 .debug_frame   0x00001014       0x90 ./drivers/fsl_common.o
 .debug_frame   0x000010a4      0x410 ./drivers/fsl_lpsci.o
 .debug_frame   0x000014b4      0x464 ./drivers/fsl_uart.o
 .debug_frame   0x00001918      0x100 ./board/clock_config.o
 .debug_frame   0x00001a18       0x4c ./CMSIS/system_MKL25Z4.o
